Archive member included to satisfy reference by file (symbol)

/opt/devkitpro/libnx/lib/libnx.a(applet.o)
                              main.o (appletMainLoop)
/opt/devkitpro/libnx/lib/libnx.a(hid.o)
                              main.o (hidKeysDown)
/opt/devkitpro/libnx/lib/libnx.a(apm.o)
                              /opt/devkitpro/libnx/lib/libnx.a(applet.o) (apmInitialize)
/opt/devkitpro/libnx/lib/libnx.a(fatal.o)
                              /opt/devkitpro/libnx/lib/libnx.a(applet.o) (fatalThrow)
/opt/devkitpro/libnx/lib/libnx.a(sm.o)
                              /opt/devkitpro/libnx/lib/libnx.a(fatal.o) (smExit)
/opt/devkitpro/libnx/lib/libnx.a(hosversion.o)
                              /opt/devkitpro/libnx/lib/libnx.a(applet.o) (hosversionGet)
/opt/devkitpro/libnx/lib/libnx.a(env.o)
                              /opt/devkitpro/libnx/lib/libnx.a(applet.o) (envIsNso)
/opt/devkitpro/libnx/lib/libnx.a(console.o)
                              main.o (consoleInit)
/opt/devkitpro/libnx/lib/libnx.a(console_sw.o)
                              /opt/devkitpro/libnx/lib/libnx.a(console.o) (getDefaultConsoleRenderer)
/opt/devkitpro/libnx/lib/libnx.a(svc.o)
                              /opt/devkitpro/libnx/lib/libnx.a(applet.o) (svcExitProcess)
/opt/devkitpro/libnx/lib/libnx.a(switch_crt0.o)
                              (_start)
/opt/devkitpro/libnx/lib/libnx.a(default_font.bin.o)
                              /opt/devkitpro/libnx/lib/libnx.a(console.o) (default_font_bin)
/opt/devkitpro/libnx/lib/libnx.a(detect.o)
                              /opt/devkitpro/libnx/lib/libnx.a(fatal.o) (detectKernelVersion)
/opt/devkitpro/libnx/lib/libnx.a(shmem.o)
                              /opt/devkitpro/libnx/lib/libnx.a(hid.o) (shmemLoadRemote)
/opt/devkitpro/libnx/lib/libnx.a(wait.o)
                              /opt/devkitpro/libnx/lib/libnx.a(applet.o) (waitObjects)
/opt/devkitpro/libnx/lib/libnx.a(rwlock.o)
                              /opt/devkitpro/libnx/lib/libnx.a(hid.o) (rwlockReadLock)
/opt/devkitpro/libnx/lib/libnx.a(tmem.o)
                              /opt/devkitpro/libnx/lib/libnx.a(applet.o) (tmemCreate)
/opt/devkitpro/libnx/lib/libnx.a(mutex.o)
                              /opt/devkitpro/libnx/lib/libnx.a(applet.o) (mutexLock)
/opt/devkitpro/libnx/lib/libnx.a(virtmem.o)
                              /opt/devkitpro/libnx/lib/libnx.a(shmem.o) (virtmemReserve)
/opt/devkitpro/libnx/lib/libnx.a(event.o)
                              /opt/devkitpro/libnx/lib/libnx.a(applet.o) (eventLoadRemote)
/opt/devkitpro/libnx/lib/libnx.a(condvar.o)
                              /opt/devkitpro/libnx/lib/libnx.a(rwlock.o) (condvarWaitTimeout)
/opt/devkitpro/libnx/lib/libnx.a(framebuffer.o)
                              /opt/devkitpro/libnx/lib/libnx.a(console_sw.o) (framebufferMakeLinear)
/opt/devkitpro/libnx/lib/libnx.a(default_window.o)
                              /opt/devkitpro/libnx/lib/libnx.a(console_sw.o) (nwindowGetDefault)
/opt/devkitpro/libnx/lib/libnx.a(native_window.o)
                              /opt/devkitpro/libnx/lib/libnx.a(framebuffer.o) (nwindowIsValid)
/opt/devkitpro/libnx/lib/libnx.a(dynamic.o)
                              /opt/devkitpro/libnx/lib/libnx.a(switch_crt0.o) (__nx_dynamic)
/opt/devkitpro/libnx/lib/libnx.a(init.o)
                              /opt/devkitpro/libnx/lib/libnx.a(switch_crt0.o) (__libnx_init)
/opt/devkitpro/libnx/lib/libnx.a(newlib.o)
                              /opt/devkitpro/libnx/lib/libnx.a(init.o) (__libnx_init_time)
/opt/devkitpro/libnx/lib/libnx.a(argv.o)
                              /opt/devkitpro/libnx/lib/libnx.a(init.o) (argvSetup)
/opt/devkitpro/libnx/lib/libnx.a(fs_dev.o)
                              /opt/devkitpro/libnx/lib/libnx.a(init.o) (fsdevMountSdmc)
/opt/devkitpro/libnx/lib/libnx.a(decode_utf8.o)
                              /opt/devkitpro/libnx/lib/libnx.a(fs_dev.o) (decode_utf8)
/opt/devkitpro/libnx/lib/libnx.a(cache.o)
                              /opt/devkitpro/libnx/lib/libnx.a(framebuffer.o) (armDCacheFlush)
/opt/devkitpro/libnx/lib/libnx.a(exception.o)
                              /opt/devkitpro/libnx/lib/libnx.a(switch_crt0.o) (__libnx_exception_entry)
/opt/devkitpro/libnx/lib/libnx.a(readtp.o)
                              /opt/devkitpro/libnx/lib/libnx.a(fs_dev.o) (__aarch64_read_tp)
/opt/devkitpro/libnx/lib/libnx.a(thread.o)
                              /opt/devkitpro/libnx/lib/libnx.a(newlib.o) (threadCreate)
/opt/devkitpro/libnx/lib/libnx.a(nv.o)
                              /opt/devkitpro/libnx/lib/libnx.a(framebuffer.o) (nvInitialize)
/opt/devkitpro/libnx/lib/libnx.a(time.o)
                              /opt/devkitpro/libnx/lib/libnx.a(init.o) (timeInitialize)
/opt/devkitpro/libnx/lib/libnx.a(vi.o)
                              /opt/devkitpro/libnx/lib/libnx.a(default_window.o) (viInitialize)
/opt/devkitpro/libnx/lib/libnx.a(set.o)
                              /opt/devkitpro/libnx/lib/libnx.a(init.o) (setsysInitialize)
[...]
Memory Configuration

Name             Origin             Length             Attributes
*default*        0x0000000000000000 0xffffffffffffffff

Linker script and memory map

                0x0000000000000000                PROVIDE (__start__ = 0x0)
                0x0000000000000000                . = __start__
                0x0000000000000000                __code_start = .

.crt0           0x0000000000000000      0x158
 *(.crt0)
 .crt0          0x0000000000000000      0x158 /opt/devkitpro/libnx/lib/libnx.a(switch_crt0.o)
                0x0000000000000000                _start
                0x0000000000000120                __nx_exit
                0x0000000000000130                __nx_mod0
                0x0000000000000158                . = ALIGN (0x8)

.init           0x0000000000000158       0x38
 *(.init)
 .init          0x0000000000000158       0x18 /opt/devkitpro/devkitA64/lib/gcc/aarch64-none-elf/9.2.0/pic/crti.o
                0x0000000000000158                _init
 .init          0x0000000000000170       0x1c /opt/devkitpro/devkitA64/lib/gcc/aarch64-none-elf/9.2.0/pic/crtn.o
                0x0000000000000190                . = ALIGN (0x8)
 *fill*         0x000000000000018c        0x4 

.plt            0x0000000000000190        0x0
 *(.plt)
 .plt           0x0000000000000190        0x0 /opt/devkitpro/devkitA64/lib/gcc/aarch64-none-elf/9.2.0/pic/crti.o
 *(.iplt)
                0x0000000000000190                . = ALIGN (0x8)

.text           0x00000000000001c0    0x27500
 *(.text.unlikely .text.*_unlikely .text.unlikely.*)
 *(.text.exit .text.exit.*)
 .text.exit     0x00000000000001c0       0x38 /opt/devkitpro/devkitA64/lib/gcc/aarch64-none-elf/9.2.0/../../../../aarch64-none-elf/lib/pic/libg.a(lib_a-exit.o)
                0x00000000000001c0                exit
 *(.text.startup .text.startup.*)
 *fill*         0x00000000000001f8        0x8 
 .text.startup.main
                0x0000000000000200       0xa0 main.o
                0x0000000000000200                main
 *(.text.hot .text.hot.*)
 *(.text .stub .text.* .gnu.linkonce.t.*)
 .text.deregister_tm_clones
                0x00000000000002a0       0x30 /opt/devkitpro/devkitA64/lib/gcc/aarch64-none-elf/9.2.0/pic/crtbegin.o
 .text.register_tm_clones
                0x00000000000002d0       0x40 /opt/devkitpro/devkitA64/lib/gcc/aarch64-none-elf/9.2.0/pic/crtbegin.o
 .text.__do_global_dtors_aux
                0x0000000000000310       0x48 /opt/devkitpro/devkitA64/lib/gcc/aarch64-none-elf/9.2.0/pic/crtbegin.o
 .text.frame_dummy
                0x0000000000000358       0x34 /opt/devkitpro/devkitA64/lib/gcc/aarch64-none-elf/9.2.0/pic/crtbegin.o
 *fill*         0x000000000000038c        0x4 
 .text._appletInfiniteSleepLoop
                0x0000000000000390       0x24 /opt/devkitpro/libnx/lib/libnx.a(applet.o)
 *fill*         0x00000000000003b4        0xc 
 .text._appletCmdNoIO
                0x00000000000003c0       0xc8 /opt/devkitpro/libnx/lib/libnx.a(applet.o)
 *fill*         0x0000000000000488        0x8 
 .text._appletCmdNoInOutU64
                0x0000000000000490       0xe0 /opt/devkitpro/libnx/lib/libnx.a(applet.o)
 .text._appletCmdGetSession
                0x0000000000000570       0xf4 /opt/devkitpro/libnx/lib/libnx.a(applet.o)
 *fill*         0x0000000000000664        0xc 
 .text._appletCmdNoInOutU32
                0x0000000000000670       0xdc /opt/devkitpro/libnx/lib/libnx.a(applet.o)
 *fill*         0x000000000000074c        0x4 
 .text._appletCmdNoInOutU8
                0x0000000000000750       0xe4 /opt/devkitpro/libnx/lib/libnx.a(applet.o)
 *fill*         0x0000000000000834        0xc 
 .text._appletCmdNoInOutBool
                0x0000000000000840       0x40 /opt/devkitpro/libnx/lib/libnx.a(applet.o)
 .text._appletGetLaunchReason
                0x0000000000000880      0x100 /opt/devkitpro/libnx/lib/libnx.a(applet.o)
 .text._appletSetFocusHandlingMode
                0x0000000000000980       0xec /opt/devkitpro/libnx/lib/libnx.a(applet.o)
 *fill*         0x0000000000000a6c        0x4 
 .text._appletGetLibraryAppletInfo
                0x0000000000000a70       0xdc /opt/devkitpro/libnx/lib/libnx.a(applet.o)
 *fill*         0x0000000000000b4c        0x4 
 .text._appletCmdInU8NoOut.isra.0
                0x0000000000000b50       0xc4 /opt/devkitpro/libnx/lib/libnx.a(applet.o)
 *fill*         0x0000000000000c14        0xc 
 .text._appletCmdInU32NoOut.isra.0
                0x0000000000000c20       0xc4 /opt/devkitpro/libnx/lib/libnx.a(applet.o)
 *fill*         0x0000000000000ce4        0xc 
 .text._appletGetSessionProxy.constprop.0
                0x0000000000000cf0      0x118 /opt/devkitpro/libnx/lib/libnx.a(applet.o)
 *fill*         0x0000000000000e08        0x8 
 .text._appletOpenLibraryAppletProxy.constprop.0
                0x0000000000000e10      0x134 /opt/devkitpro/libnx/lib/libnx.a(applet.o)
 *fill*         0x0000000000000f44        0xc 
 .text._appletCmdGetHandle.constprop.0
                0x0000000000000f50       0xd8 /opt/devkitpro/libnx/lib/libnx.a(applet.o)
 *fill*         0x0000000000001028        0x8 
 .text._appletCmdGetEvent
                0x0000000000001030       0x68 /opt/devkitpro/libnx/lib/libnx.a(applet.o)
 *fill*         0x0000000000001098        0x8 
 .text.appletGetAppletType
                0x00000000000010a0       0x10 /opt/devkitpro/libnx/lib/libnx.a(applet.o)
                0x00000000000010a0                appletGetAppletType
 .text.appletSetFocusHandlingMode
                0x00000000000010b0      0x110 /opt/devkitpro/libnx/lib/libnx.a(applet.o)
                0x00000000000010b0                appletSetFocusHandlingMode
 .text.appletSetCpuBoostMode
                0x00000000000011c0       0x60 /opt/devkitpro/libnx/lib/libnx.a(applet.o)
                0x00000000000011c0                appletSetCpuBoostMode
 .text.appletCreateManagedDisplayLayer
                0x0000000000001220       0x28 /opt/devkitpro/libnx/lib/libnx.a(applet.o)
                0x0000000000001220                appletCreateManagedDisplayLayer
 *fill*         0x0000000000001248        0x8 
 .text.appletGetAppletResourceUserId
                0x0000000000001250       0x28 /opt/devkitpro/libnx/lib/libnx.a(applet.o)
                0x0000000000001250                appletGetAppletResourceUserId
 *fill*         0x0000000000001278        0x8 
 .text._appletGetIndirectLayerConsumerHandle.isra.0
                0x0000000000001280      0x10c /opt/devkitpro/libnx/lib/libnx.a(applet.o)
 *fill*         0x000000000000138c        0x4 
 .text._appletHolderCreateState
                0x0000000000001390       0x78 /opt/devkitpro/libnx/lib/libnx.a(applet.o)
 *fill*         0x0000000000001408        0x8 
 .text.appletHolderClose
                0x0000000000001410       0xb4 /opt/devkitpro/libnx/lib/libnx.a(applet.o)
                0x0000000000001410                appletHolderClose
 *fill*         0x00000000000014c4        0xc 
 .text.appletHolderGetLibraryAppletInfo
                0x00000000000014d0       0x18 /opt/devkitpro/libnx/lib/libnx.a(applet.o)
                0x00000000000014d0                appletHolderGetLibraryAppletInfo
 *fill*         0x00000000000014e8        0x8 
 .text.appletNotifyRunning
                0x00000000000014f0       0x58 /opt/devkitpro/libnx/lib/libnx.a(applet.o)
                0x00000000000014f0                appletNotifyRunning
 *fill*         0x0000000000001548        0x8 
 .text.appletSetGamePlayRecordingState
                0x0000000000001550       0x88 /opt/devkitpro/libnx/lib/libnx.a(applet.o)
                0x0000000000001550                appletSetGamePlayRecordingState
 *fill*         0x00000000000015d8        0x8 
 .text._appletCleanup
                0x00000000000015e0      0xad0 /opt/devkitpro/libnx/lib/libnx.a(applet.o)
 .text.appletExit
                0x00000000000020b0       0x44 /opt/devkitpro/libnx/lib/libnx.a(applet.o)
                0x00000000000020b0                appletExit
 *fill*         0x00000000000020f4        0xc 
 .text._appletExitProcess
                0x0000000000002100       0x20 /opt/devkitpro/libnx/lib/libnx.a(applet.o)
 .text.appletGetLibraryAppletInfo
                0x0000000000002120       0x3c /opt/devkitpro/libnx/lib/libnx.a(applet.o)
                0x0000000000002120                appletGetLibraryAppletInfo
 *fill*         0x000000000000215c        0x4 
 .text.appletInitialize
                0x0000000000002160      0xa14 /opt/devkitpro/libnx/lib/libnx.a(applet.o)
                0x0000000000002160                appletInitialize
 *fill*         0x0000000000002b74        0xc 
 .text.appletGetMessage
                0x0000000000002b80       0x70 /opt/devkitpro/libnx/lib/libnx.a(applet.o)
                0x0000000000002b80                appletGetMessage
 .text.appletProcessMessage
                0x0000000000002bf0      0x230 /opt/devkitpro/libnx/lib/libnx.a(applet.o)
                0x0000000000002bf0                appletProcessMessage
 .text.appletMainLoop
                0x0000000000002e20       0x34 /opt/devkitpro/libnx/lib/libnx.a(applet.o)
                0x0000000000002e20                appletMainLoop
 *fill*         0x0000000000002e54        0xc 
 .text._hidCmdWithNoInput
                0x0000000000002e60       0xec /opt/devkitpro/libnx/lib/libnx.a(hid.o)
 *fill*         0x0000000000002f4c        0x4 
 .text._hidCmdWithInputU32
                0x0000000000002f50      0x104 /opt/devkitpro/libnx/lib/libnx.a(hid.o)
 *fill*         0x0000000000003054        0xc 
 .text._hidCreateAppletResource.constprop.0
                0x0000000000003060       0xf8 /opt/devkitpro/libnx/lib/libnx.a(hid.o)
 *fill*         0x0000000000003158        0x8 
 .text._hidCmdGetHandle.isra.0.constprop.0
                0x0000000000003160       0xc4 /opt/devkitpro/libnx/lib/libnx.a(hid.o)
 *fill*         0x0000000000003224        0xc 
 .text._hidCmdWithInputU64.constprop.0
                0x0000000000003230       0xf4 /opt/devkitpro/libnx/lib/libnx.a(hid.o)
 *fill*         0x0000000000003324        0xc 
 .text.hidReset
                0x0000000000003330      0x1f8 /opt/devkitpro/libnx/lib/libnx.a(hid.o)
                0x0000000000003330                hidReset
 *fill*         0x0000000000003528        0x8 
 .text.hidGetSharedmemAddr
                0x0000000000003530        0xc /opt/devkitpro/libnx/lib/libnx.a(hid.o)
                0x0000000000003530                hidGetSharedmemAddr
 *fill*         0x000000000000353c        0x4 
 .text.hidKeysDown
                0x0000000000003540       0x6c /opt/devkitpro/libnx/lib/libnx.a(hid.o)
                0x0000000000003540                hidKeysDown
 *fill*         0x00000000000035ac        0x4 
 .text.hidTouchCount
                0x00000000000035b0        0xc /opt/devkitpro/libnx/lib/libnx.a(hid.o)
                0x00000000000035b0                hidTouchCount
 *fill*         0x00000000000035bc        0x4 
 .text.hidScanInput
                0x00000000000035c0      0x5c0 /opt/devkitpro/libnx/lib/libnx.a(hid.o)
                0x00000000000035c0                hidScanInput
 .text.hidSetSupportedNpadStyleSet
                0x0000000000003b80        0x8 /opt/devkitpro/libnx/lib/libnx.a(hid.o)
                0x0000000000003b80                hidSetSupportedNpadStyleSet
 *fill*         0x0000000000003b88        0x8 
 .text.hidSetSupportedNpadIdType
                0x0000000000003b90      0x190 /opt/devkitpro/libnx/lib/libnx.a(hid.o)
                0x0000000000003b90                hidSetSupportedNpadIdType
 .text.hidSetNpadJoyHoldType
                0x0000000000003d20        0x8 /opt/devkitpro/libnx/lib/libnx.a(hid.o)
                0x0000000000003d20                hidSetNpadJoyHoldType
 *fill*         0x0000000000003d28        0x8 
 .text.hidSetNpadJoyAssignmentModeDual
                0x0000000000003d30       0x20 /opt/devkitpro/libnx/lib/libnx.a(hid.o)
                0x0000000000003d30                hidSetNpadJoyAssignmentModeDual
 .text.hidFinalizeSevenSixAxisSensor
                0x0000000000003d50       0x80 /opt/devkitpro/libnx/lib/libnx.a(hid.o)
                0x0000000000003d50                hidFinalizeSevenSixAxisSensor
 .text._hidCleanup
                0x0000000000003dd0      0x100 /opt/devkitpro/libnx/lib/libnx.a(hid.o)
 .text.hidInitialize
                0x0000000000003ed0      0x1d8 /opt/devkitpro/libnx/lib/libnx.a(hid.o)
                0x0000000000003ed0                hidInitialize
 *fill*         0x00000000000040a8        0x8 
 .text.hidExit  0x00000000000040b0       0x44 /opt/devkitpro/libnx/lib/libnx.a(hid.o)
                0x00000000000040b0                hidExit
 *fill*         0x00000000000040f4        0xc 
 .text._apmCleanup
                0x0000000000004100       0xc0 /opt/devkitpro/libnx/lib/libnx.a(apm.o)
 .text._apmCmdGetSession.constprop.0
                0x00000000000041c0       0xdc /opt/devkitpro/libnx/lib/libnx.a(apm.o)
 *fill*         0x000000000000429c        0x4 
 .text.apmInitialize
                0x00000000000042a0       0xa0 /opt/devkitpro/libnx/lib/libnx.a(apm.o)
                0x00000000000042a0                apmInitialize
 .text.apmExit  0x0000000000004340       0x44 /opt/devkitpro/libnx/lib/libnx.a(apm.o)
                0x0000000000004340                apmExit
 *fill*         0x0000000000004384        0xc 
 .text.apmSetPerformanceConfiguration
                0x0000000000004390       0xc4 /opt/devkitpro/libnx/lib/libnx.a(apm.o)
                0x0000000000004390                apmSetPerformanceConfiguration
 *fill*         0x0000000000004454        0xc 
 .text._fatalCmd
                0x0000000000004460      0x1a0 /opt/devkitpro/libnx/lib/libnx.a(fatal.o)
 .text.fatalThrowWithPolicy
                0x0000000000004600        0xc /opt/devkitpro/libnx/lib/libnx.a(fatal.o)
                0x0000000000004600                fatalThrowWithPolicy
 *fill*         0x000000000000460c        0x4 
 .text.fatalThrow
                0x0000000000004610       0x14 /opt/devkitpro/libnx/lib/libnx.a(fatal.o)
                0x0000000000004610                fatalSimple
                0x0000000000004610                fatalThrow
 *fill*         0x0000000000004624        0xc 
 .text._smCleanup
                0x0000000000004630       0x68 /opt/devkitpro/libnx/lib/libnx.a(sm.o)
 *fill*         0x0000000000004698        0x8 
 .text.smAddOverrideHandle
                0x00000000000046a0       0x48 /opt/devkitpro/libnx/lib/libnx.a(sm.o)
                0x00000000000046a0                smAddOverrideHandle
 *fill*         0x00000000000046e8        0x8 
 .text.smGetServiceOverride
                0x00000000000046f0       0x54 /opt/devkitpro/libnx/lib/libnx.a(sm.o)
                0x00000000000046f0                smGetServiceOverride
 *fill*         0x0000000000004744        0xc 
 .text.smExit   0x0000000000004750       0x44 /opt/devkitpro/libnx/lib/libnx.a(sm.o)
                0x0000000000004750                smExit
 *fill*         0x0000000000004794        0xc 
 .text.smGetServiceOriginal
                0x00000000000047a0       0xcc /opt/devkitpro/libnx/lib/libnx.a(sm.o)
                0x00000000000047a0                smGetServiceOriginal
 *fill*         0x000000000000486c        0x4 
 .text.smInitialize
                0x0000000000004870      0x27c /opt/devkitpro/libnx/lib/libnx.a(sm.o)
                0x0000000000004870                smInitialize
 *fill*         0x0000000000004aec        0x4 
 .text.smGetServiceWrapper
                0x0000000000004af0      0x110 /opt/devkitpro/libnx/lib/libnx.a(sm.o)
                0x0000000000004af0                smGetServiceWrapper
 .text.hosversionGet
                0x0000000000004c00       0x10 /opt/devkitpro/libnx/lib/libnx.a(hosversion.o)
                0x0000000000004c00                hosversionGet
 .text.hosversionSet
                0x0000000000004c10       0x10 /opt/devkitpro/libnx/lib/libnx.a(hosversion.o)
                0x0000000000004c10                hosversionSet
 .text.envSetup
                0x0000000000004c20      0x234 /opt/devkitpro/libnx/lib/libnx.a(env.o)
                0x0000000000004c20                envSetup
 *fill*         0x0000000000004e54        0xc 
 .text.envGetMainThreadHandle
                0x0000000000004e60       0x20 /opt/devkitpro/libnx/lib/libnx.a(env.o)
                0x0000000000004e60                envGetMainThreadHandle
 .text.envIsNso
                0x0000000000004e80        0xc /opt/devkitpro/libnx/lib/libnx.a(env.o)
                0x0000000000004e80                envIsNso
 *fill*         0x0000000000004e8c        0x4 
 .text.envHasHeapOverride
                0x0000000000004e90       0x14 /opt/devkitpro/libnx/lib/libnx.a(env.o)
                0x0000000000004e90                envHasHeapOverride
 *fill*         0x0000000000004ea4        0xc 
 .text.envGetHeapOverrideAddr
                0x0000000000004eb0        0xc /opt/devkitpro/libnx/lib/libnx.a(env.o)
                0x0000000000004eb0                envGetHeapOverrideAddr
 *fill*         0x0000000000004ebc        0x4 
 .text.envGetHeapOverrideSize
                0x0000000000004ec0        0xc /opt/devkitpro/libnx/lib/libnx.a(env.o)
                0x0000000000004ec0                envGetHeapOverrideSize
 *fill*         0x0000000000004ecc        0x4 
 .text.envHasArgv
                0x0000000000004ed0       0x14 /opt/devkitpro/libnx/lib/libnx.a(env.o)
                0x0000000000004ed0                envHasArgv
 *fill*         0x0000000000004ee4        0xc 
 .text.envGetArgv
                0x0000000000004ef0        0xc /opt/devkitpro/libnx/lib/libnx.a(env.o)
                0x0000000000004ef0                envGetArgv
 *fill*         0x0000000000004efc        0x4 
 .text.envGetExitFuncPtr
                0x0000000000004f00        0xc /opt/devkitpro/libnx/lib/libnx.a(env.o)
                0x0000000000004f00                envGetExitFuncPtr
 *fill*         0x0000000000004f0c        0x4 
 .text.envSetExitFuncPtr
                0x0000000000004f10        0xc /opt/devkitpro/libnx/lib/libnx.a(env.o)
                0x0000000000004f10                envSetExitFuncPtr
 *fill*         0x0000000000004f1c        0x4 
 .text.consoleDrawChar
                0x0000000000004f20       0x48 /opt/devkitpro/libnx/lib/libnx.a(console.o)
 *fill*         0x0000000000004f68        0x8 
 .text.consoleClearLine
                0x0000000000004f70      0x140 /opt/devkitpro/libnx/lib/libnx.a(console.o)
 .text.consoleNewRow
                0x00000000000050b0       0x48 /opt/devkitpro/libnx/lib/libnx.a(console.o)
 *fill*         0x00000000000050f8        0x8 
 .text.consolePrintChar
                0x0000000000005100      0x120 /opt/devkitpro/libnx/lib/libnx.a(console.o)
 .text.consoleCls
                0x0000000000005220      0x150 /opt/devkitpro/libnx/lib/libnx.a(console.o)
 .text.con_write
                0x0000000000005370      0x814 /opt/devkitpro/libnx/lib/libnx.a(console.o)
 *fill*         0x0000000000005b84        0xc 
 .text.consoleInit
                0x0000000000005b90      0x11c /opt/devkitpro/libnx/lib/libnx.a(console.o)
                0x0000000000005b90                consoleInit
 *fill*         0x0000000000005cac        0x4 
 .text.consoleExit
                0x0000000000005cb0       0x48 /opt/devkitpro/libnx/lib/libnx.a(console.o)
                0x0000000000005cb0                consoleExit
 *fill*         0x0000000000005cf8        0x8 
 .text.consoleUpdate
                0x0000000000005d00       0x2c /opt/devkitpro/libnx/lib/libnx.a(console.o)
                0x0000000000005d00                consoleUpdate
 *fill*         0x0000000000005d2c        0x4 
 .text.ConsoleSwRenderer_flushAndSwap
                0x0000000000005d30       0x70 /opt/devkitpro/libnx/lib/libnx.a(console_sw.o)
 .text.ConsoleSwRenderer_scrollWindow
                0x0000000000005da0       0xc8 /opt/devkitpro/libnx/lib/libnx.a(console_sw.o)
 *fill*         0x0000000000005e68        0x8 
 .text.ConsoleSwRenderer_drawChar
                0x0000000000005e70      0x194 /opt/devkitpro/libnx/lib/libnx.a(console_sw.o)
 *fill*         0x0000000000006004        0xc 
 .text.ConsoleSwRenderer_deinit
                0x0000000000006010       0x3c /opt/devkitpro/libnx/lib/libnx.a(console_sw.o)
 *fill*         0x000000000000604c        0x4 
 .text.ConsoleSwRenderer_init
                0x0000000000006050       0xf4 /opt/devkitpro/libnx/lib/libnx.a(console_sw.o)
 *fill*         0x0000000000006144        0xc 
 .text.getDefaultConsoleRenderer
                0x0000000000006150        0xc /opt/devkitpro/libnx/lib/libnx.a(console_sw.o)
                0x0000000000006150                getDefaultConsoleRenderer
 .text.svcSetHeapSize
                0x000000000000615c       0x14 /opt/devkitpro/libnx/lib/libnx.a(svc.o)
                0x000000000000615c                svcSetHeapSize
 .text.svcSetMemoryAttribute
                0x0000000000006170        0x8 /opt/devkitpro/libnx/lib/libnx.a(svc.o)
                0x0000000000006170                svcSetMemoryAttribute
 .text.svcUnmapMemory
                0x0000000000006178        0x8 /opt/devkitpro/libnx/lib/libnx.a(svc.o)
                0x0000000000006178                svcUnmapMemory
 .text.svcQueryMemory
                0x0000000000006180       0x14 /opt/devkitpro/libnx/lib/libnx.a(svc.o)
                0x0000000000006180                svcQueryMemory
 .text.svcExitProcess
                0x0000000000006194        0x8 /opt/devkitpro/libnx/lib/libnx.a(svc.o)
                0x0000000000006194                svcExitProcess
 .text.svcSleepThread
                0x000000000000619c        0x8 /opt/devkitpro/libnx/lib/libnx.a(svc.o)
                0x000000000000619c                svcSleepThread
 .text.svcMapSharedMemory
                0x00000000000061a4        0x8 /opt/devkitpro/libnx/lib/libnx.a(svc.o)
                0x00000000000061a4                svcMapSharedMemory
 .text.svcUnmapSharedMemory
                0x00000000000061ac        0x8 /opt/devkitpro/libnx/lib/libnx.a(svc.o)
                0x00000000000061ac                svcUnmapSharedMemory
 .text.svcCreateTransferMemory
                0x00000000000061b4       0x14 /opt/devkitpro/libnx/lib/libnx.a(svc.o)
                0x00000000000061b4                svcCreateTransferMemory
 .text.svcCloseHandle
                0x00000000000061c8        0x8 /opt/devkitpro/libnx/lib/libnx.a(svc.o)
                0x00000000000061c8                svcCloseHandle
 .text.svcResetSignal
                0x00000000000061d0        0x8 /opt/devkitpro/libnx/lib/libnx.a(svc.o)
                0x00000000000061d0                svcResetSignal
 .text.svcWaitSynchronization
                0x00000000000061d8       0x14 /opt/devkitpro/libnx/lib/libnx.a(svc.o)
                0x00000000000061d8                svcWaitSynchronization
 .text.svcArbitrateLock
                0x00000000000061ec        0x8 /opt/devkitpro/libnx/lib/libnx.a(svc.o)
                0x00000000000061ec                svcArbitrateLock
 .text.svcArbitrateUnlock
                0x00000000000061f4        0x8 /opt/devkitpro/libnx/lib/libnx.a(svc.o)
                0x00000000000061f4                svcArbitrateUnlock
 .text.svcWaitProcessWideKeyAtomic
                0x00000000000061fc        0x8 /opt/devkitpro/libnx/lib/libnx.a(svc.o)
                0x00000000000061fc                svcWaitProcessWideKeyAtomic
 .text.svcSignalProcessWideKey
                0x0000000000006204        0x8 /opt/devkitpro/libnx/lib/libnx.a(svc.o)
                0x0000000000006204                svcSignalProcessWideKey
 .text.svcConnectToNamedPort
                0x000000000000620c       0x14 /opt/devkitpro/libnx/lib/libnx.a(svc.o)
                0x000000000000620c                svcConnectToNamedPort
 .text.svcSendSyncRequest
                0x0000000000006220        0x8 /opt/devkitpro/libnx/lib/libnx.a(svc.o)
                0x0000000000006220                svcSendSyncRequest
 .text.svcBreak
                0x0000000000006228        0x8 /opt/devkitpro/libnx/lib/libnx.a(svc.o)
                0x0000000000006228                svcBreak
 .text.svcReturnFromException
                0x0000000000006230        0x8 /opt/devkitpro/libnx/lib/libnx.a(svc.o)
                0x0000000000006230                svcReturnFromException
 .text.svcGetInfo
                0x0000000000006238       0x14 /opt/devkitpro/libnx/lib/libnx.a(svc.o)
                0x0000000000006238                svcGetInfo
 .text.svcUnmapTransferMemory
                0x000000000000624c        0x8 /opt/devkitpro/libnx/lib/libnx.a(svc.o)
                0x000000000000624c                svcUnmapTransferMemory
 *fill*         0x0000000000006254        0xc 
 .text.detectKernelVersion
                0x0000000000006260      0x17c /opt/devkitpro/libnx/lib/libnx.a(detect.o)
                0x0000000000006260                detectKernelVersion
 *fill*         0x00000000000063dc        0x4 
 .text.detectDebugger
                0x00000000000063e0       0x30 /opt/devkitpro/libnx/lib/libnx.a(detect.o)
                0x00000000000063e0                detectDebugger
 .text.shmemLoadRemote
                0x0000000000006410       0x14 /opt/devkitpro/libnx/lib/libnx.a(shmem.o)
                0x0000000000006410                shmemLoadRemote
 *fill*         0x0000000000006424        0xc 
 .text.shmemMap
                0x0000000000006430       0x84 /opt/devkitpro/libnx/lib/libnx.a(shmem.o)
                0x0000000000006430                shmemMap
 *fill*         0x00000000000064b4        0xc 
 .text.shmemUnmap
                0x00000000000064c0       0x58 /opt/devkitpro/libnx/lib/libnx.a(shmem.o)
                0x00000000000064c0                shmemUnmap
 *fill*         0x0000000000006518        0x8 
 .text.shmemClose
                0x0000000000006520       0x44 /opt/devkitpro/libnx/lib/libnx.a(shmem.o)
                0x0000000000006520                shmemClose
 *fill*         0x0000000000006564        0xc 
 .text._waitLoop
                0x0000000000006570      0x104 /opt/devkitpro/libnx/lib/libnx.a(wait.o)
 *fill*         0x0000000000006674        0xc 
 .text._waitObjectsImpl
                0x0000000000006680      0x328 /opt/devkitpro/libnx/lib/libnx.a(wait.o)
 *fill*         0x00000000000069a8        0x8 
 .text.waitObjects
                0x00000000000069b0        0xc /opt/devkitpro/libnx/lib/libnx.a(wait.o)
                0x00000000000069b0                waitObjects
 *fill*         0x00000000000069bc        0x4 
 .text.rwlockReadLock
                0x00000000000069c0       0x98 /opt/devkitpro/libnx/lib/libnx.a(rwlock.o)
                0x00000000000069c0                rwlockReadLock
 *fill*         0x0000000000006a58        0x8 
 .text.rwlockReadUnlock
                0x0000000000006a60       0xb4 /opt/devkitpro/libnx/lib/libnx.a(rwlock.o)
                0x0000000000006a60                rwlockReadUnlock
 *fill*         0x0000000000006b14        0xc 
 .text.rwlockWriteLock
                0x0000000000006b20       0xa4 /opt/devkitpro/libnx/lib/libnx.a(rwlock.o)
                0x0000000000006b20                rwlockWriteLock
 *fill*         0x0000000000006bc4        0xc 
 .text.rwlockWriteUnlock
                0x0000000000006bd0       0x78 /opt/devkitpro/libnx/lib/libnx.a(rwlock.o)
                0x0000000000006bd0                rwlockWriteUnlock
 *fill*         0x0000000000006c48        0x8 
 .text.tmemCreate
                0x0000000000006c50       0xa8 /opt/devkitpro/libnx/lib/libnx.a(tmem.o)
                0x0000000000006c50                tmemCreate
 *fill*         0x0000000000006cf8        0x8 
 .text.tmemUnmap
                0x0000000000006d00       0x58 /opt/devkitpro/libnx/lib/libnx.a(tmem.o)
                0x0000000000006d00                tmemUnmap
 *fill*         0x0000000000006d58        0x8 
 .text.tmemClose
                0x0000000000006d60       0x68 /opt/devkitpro/libnx/lib/libnx.a(tmem.o)
                0x0000000000006d60                tmemClose
 *fill*         0x0000000000006dc8        0x8 
 .text.mutexLock
                0x0000000000006dd0       0x8c /opt/devkitpro/libnx/lib/libnx.a(mutex.o)
                0x0000000000006dd0                mutexLock
 *fill*         0x0000000000006e5c        0x4 
 .text.mutexUnlock
                0x0000000000006e60       0x30 /opt/devkitpro/libnx/lib/libnx.a(mutex.o)
                0x0000000000006e60                mutexUnlock
 .text.rmutexLock
                0x0000000000006e90       0x4c /opt/devkitpro/libnx/lib/libnx.a(mutex.o)
                0x0000000000006e90                rmutexLock
 *fill*         0x0000000000006edc        0x4 
 .text.rmutexUnlock
                0x0000000000006ee0       0x1c /opt/devkitpro/libnx/lib/libnx.a(mutex.o)
                0x0000000000006ee0                rmutexUnlock
 *fill*         0x0000000000006efc        0x4 
 .text._GetRegionFromInfo.isra.0
                0x0000000000006f00       0x7c /opt/devkitpro/libnx/lib/libnx.a(virtmem.o)
 *fill*         0x0000000000006f7c        0x4 
 .text.virtmemSetup
                0x0000000000006f80      0x114 /opt/devkitpro/libnx/lib/libnx.a(virtmem.o)
                0x0000000000006f80                virtmemSetup
 *fill*         0x0000000000007094        0xc 
 .text.virtmemReserve
                0x00000000000070a0      0x124 /opt/devkitpro/libnx/lib/libnx.a(virtmem.o)
                0x00000000000070a0                virtmemReserve
 *fill*         0x00000000000071c4        0xc 
 .text.virtmemFree
                0x00000000000071d0        0x4 /opt/devkitpro/libnx/lib/libnx.a(virtmem.o)
                0x00000000000071d0                virtmemFree
 *fill*         0x00000000000071d4        0xc 
 .text.eventLoadRemote
                0x00000000000071e0        0xc /opt/devkitpro/libnx/lib/libnx.a(event.o)
                0x00000000000071e0                eventLoadRemote
 *fill*         0x00000000000071ec        0x4 
 .text.eventWait
                0x00000000000071f0       0x38 /opt/devkitpro/libnx/lib/libnx.a(event.o)
                0x00000000000071f0                eventWait
 *fill*         0x0000000000007228        0x8 
 .text.eventClose
                0x0000000000007230       0x50 /opt/devkitpro/libnx/lib/libnx.a(event.o)
                0x0000000000007230                eventClose
 .text.condvarWaitTimeout
                0x0000000000007280       0x60 /opt/devkitpro/libnx/lib/libnx.a(condvar.o)
                0x0000000000007280                condvarWaitTimeout
 .text.framebufferMakeLinear
                0x00000000000072e0       0x80 /opt/devkitpro/libnx/lib/libnx.a(framebuffer.o)
                0x00000000000072e0                framebufferMakeLinear
 .text.framebufferClose
                0x0000000000007360       0x84 /opt/devkitpro/libnx/lib/libnx.a(framebuffer.o)
                0x0000000000007360                framebufferClose
 *fill*         0x00000000000073e4        0xc 
 .text.framebufferCreate
                0x00000000000073f0      0x29c /opt/devkitpro/libnx/lib/libnx.a(framebuffer.o)
                0x00000000000073f0                framebufferCreate
 *fill*         0x000000000000768c        0x4 
 .text.framebufferBegin
                0x0000000000007690       0x88 /opt/devkitpro/libnx/lib/libnx.a(framebuffer.o)
                0x0000000000007690                framebufferBegin
 *fill*         0x0000000000007718        0x8 
 .text.framebufferEnd
                0x0000000000007720      0x174 /opt/devkitpro/libnx/lib/libnx.a(framebuffer.o)
                0x0000000000007720                framebufferEnd
 *fill*         0x0000000000007894        0xc 
 .text.nwindowGetDefault
                0x00000000000078a0        0xc /opt/devkitpro/libnx/lib/libnx.a(default_window.o)
                0x00000000000078a0                nwindowGetDefault
 *fill*         0x00000000000078ac        0x4 
 .text.__nx_win_init
                0x00000000000078b0       0xc0 /opt/devkitpro/libnx/lib/libnx.a(default_window.o)
                0x00000000000078b0                __nx_win_init
 .text.__nx_win_exit
                0x0000000000007970       0x34 /opt/devkitpro/libnx/lib/libnx.a(default_window.o)
                0x0000000000007970                __nx_win_exit
 *fill*         0x00000000000079a4        0xc 
 .text._nwindowConnect
                0x00000000000079b0       0x54 /opt/devkitpro/libnx/lib/libnx.a(native_window.o)
 *fill*         0x0000000000007a04        0xc 
 .text._nwindowDisconnect
                0x0000000000007a10       0x40 /opt/devkitpro/libnx/lib/libnx.a(native_window.o)
 .text.nwindowIsValid
                0x0000000000007a50       0x24 /opt/devkitpro/libnx/lib/libnx.a(native_window.o)
                0x0000000000007a50                nwindowIsValid
 *fill*         0x0000000000007a74        0xc 
 .text.nwindowClose
                0x0000000000007a80       0x6c /opt/devkitpro/libnx/lib/libnx.a(native_window.o)
                0x0000000000007a80                nwindowClose
 *fill*         0x0000000000007aec        0x4 
 .text.nwindowCreate
                0x0000000000007af0       0xd0 /opt/devkitpro/libnx/lib/libnx.a(native_window.o)
                0x0000000000007af0                nwindowCreate
 .text.nwindowCreateFromLayer
                0x0000000000007bc0       0x34 /opt/devkitpro/libnx/lib/libnx.a(native_window.o)
                0x0000000000007bc0                nwindowCreateFromLayer
 *fill*         0x0000000000007bf4        0xc 
 .text.nwindowSetDimensions
                0x0000000000007c00       0x88 /opt/devkitpro/libnx/lib/libnx.a(native_window.o)
                0x0000000000007c00                nwindowSetDimensions
 *fill*         0x0000000000007c88        0x8 
 .text.nwindowConfigureBuffer
                0x0000000000007c90      0x154 /opt/devkitpro/libnx/lib/libnx.a(native_window.o)
                0x0000000000007c90                nwindowConfigureBuffer
 *fill*         0x0000000000007de4        0xc 
 .text.nwindowDequeueBuffer
                0x0000000000007df0      0x1e0 /opt/devkitpro/libnx/lib/libnx.a(native_window.o)
                0x0000000000007df0                nwindowDequeueBuffer
 .text.nwindowQueueBuffer
                0x0000000000007fd0      0x144 /opt/devkitpro/libnx/lib/libnx.a(native_window.o)
                0x0000000000007fd0                nwindowQueueBuffer
 *fill*         0x0000000000008114        0xc 
 .text.nwindowReleaseBuffers
                0x0000000000008120       0xac /opt/devkitpro/libnx/lib/libnx.a(native_window.o)
                0x0000000000008120                nwindowReleaseBuffers
 *fill*         0x00000000000081cc        0x4 
 .text.__nx_dynamic
                0x00000000000081d0       0xa0 /opt/devkitpro/libnx/lib/libnx.a(dynamic.o)
                0x00000000000081d0                __nx_dynamic
 .text.__libnx_initheap
                0x0000000000008270       0xd8 /opt/devkitpro/libnx/lib/libnx.a(init.o)
                0x0000000000008270                __libnx_initheap
 *fill*         0x0000000000008348        0x8 
 .text.__appInit
                0x0000000000008350       0xe8 /opt/devkitpro/libnx/lib/libnx.a(init.o)
                0x0000000000008350                __appInit
 *fill*         0x0000000000008438        0x8 
 .text.__appExit
                0x0000000000008440       0x44 /opt/devkitpro/libnx/lib/libnx.a(init.o)
                0x0000000000008440                __appExit
 *fill*         0x0000000000008484        0xc 
 .text.__libnx_init
                0x0000000000008490       0x28 /opt/devkitpro/libnx/lib/libnx.a(init.o)
                0x0000000000008490                __libnx_init
 *fill*         0x00000000000084b8        0x8 
 .text.__libnx_exit
                0x00000000000084c0       0x20 /opt/devkitpro/libnx/lib/libnx.a(init.o)
                0x00000000000084c0                __libnx_exit
 .text.__syscall_exit
                0x00000000000084e0       0x1c /opt/devkitpro/libnx/lib/libnx.a(newlib.o)
                0x00000000000084e0                __syscall_exit
 *fill*         0x00000000000084fc        0x4 
 .text.__syscall_getreent
                0x0000000000008500       0x34 /opt/devkitpro/libnx/lib/libnx.a(newlib.o)
                0x0000000000008500                __syscall_getreent
 *fill*         0x0000000000008534        0xc 
 .text.__syscall_lock_acquire
                0x0000000000008540        0x4 /opt/devkitpro/libnx/lib/libnx.a(newlib.o)
                0x0000000000008540                __syscall_lock_acquire
 *fill*         0x0000000000008544        0xc 
 .text.__syscall_lock_release
                0x0000000000008550        0x4 /opt/devkitpro/libnx/lib/libnx.a(newlib.o)
                0x0000000000008550                __syscall_lock_release
 *fill*         0x0000000000008554        0xc 
 .text.__syscall_lock_acquire_recursive
                0x0000000000008560        0x4 /opt/devkitpro/libnx/lib/libnx.a(newlib.o)
                0x0000000000008560                __syscall_lock_acquire_recursive
 *fill*         0x0000000000008564        0xc 
 .text.__syscall_lock_release_recursive
                0x0000000000008570        0x4 /opt/devkitpro/libnx/lib/libnx.a(newlib.o)
                0x0000000000008570                __syscall_lock_release_recursive
 *fill*         0x0000000000008574        0xc 
 .text.__libnx_init_time
                0x0000000000008580      0x23c /opt/devkitpro/libnx/lib/libnx.a(newlib.o)
                0x0000000000008580                __libnx_init_time
 *fill*         0x00000000000087bc        0x4 
 .text.newlibSetup
                0x00000000000087c0       0x84 /opt/devkitpro/libnx/lib/libnx.a(newlib.o)
                0x00000000000087c0                newlibSetup
 *fill*         0x0000000000008844        0xc 
 .text.argvSetup
                0x0000000000008850      0x328 /opt/devkitpro/libnx/lib/libnx.a(argv.o)
                0x0000000000008850                argvSetup
 *fill*         0x0000000000008b78        0x8 
 .text.fsdev_link
                0x0000000000008b80       0x14 /opt/devkitpro/libnx/lib/libnx.a(fs_dev.o)
 *fill*         0x0000000000008b94        0xc 
 .text.fsdev_dirreset
                0x0000000000008ba0       0x14 /opt/devkitpro/libnx/lib/libnx.a(fs_dev.o)
 *fill*         0x0000000000008bb4        0xc 
 .text.fsdev_chmod
                0x0000000000008bc0       0x14 /opt/devkitpro/libnx/lib/libnx.a(fs_dev.o)
 *fill*         0x0000000000008bd4        0xc 
 .text.error_cmp
                0x0000000000008be0       0x1c /opt/devkitpro/libnx/lib/libnx.a(fs_dev.o)
 *fill*         0x0000000000008bfc        0x4 
 .text.fsdev_translate_error
                0x0000000000008c00       0x5c /opt/devkitpro/libnx/lib/libnx.a(fs_dev.o)
 *fill*         0x0000000000008c5c        0x4 
 .text.fsdev_fsync
                0x0000000000008c60       0x40 /opt/devkitpro/libnx/lib/libnx.a(fs_dev.o)
 .text.fsdev_ftruncate
                0x0000000000008ca0       0x58 /opt/devkitpro/libnx/lib/libnx.a(fs_dev.o)
 *fill*         0x0000000000008cf8        0x8 
 .text.fsdev_dirclose
                0x0000000000008d00       0x20 /opt/devkitpro/libnx/lib/libnx.a(fs_dev.o)
 .text.fsdev_close
                0x0000000000008d20       0x1c /opt/devkitpro/libnx/lib/libnx.a(fs_dev.o)
 *fill*         0x0000000000008d3c        0x4 
 .text.fsdev_converttimetoutc
                0x0000000000008d40       0x80 /opt/devkitpro/libnx/lib/libnx.a(fs_dev.o)
 .text.fsdev_fstat
                0x0000000000008dc0       0xd0 /opt/devkitpro/libnx/lib/libnx.a(fs_dev.o)
 .text.fsdev_seek
                0x0000000000008e90       0xb0 /opt/devkitpro/libnx/lib/libnx.a(fs_dev.o)
 .text.fsdev_read_safe.isra.0
                0x0000000000008f40      0x10c /opt/devkitpro/libnx/lib/libnx.a(fs_dev.o)
 *fill*         0x000000000000904c        0x4 
 .text.fsdev_read
                0x0000000000009050       0xc4 /opt/devkitpro/libnx/lib/libnx.a(fs_dev.o)
 *fill*         0x0000000000009114        0xc 
 .text.fsdev_write_safe.isra.0
                0x0000000000009120       0xfc /opt/devkitpro/libnx/lib/libnx.a(fs_dev.o)
 *fill*         0x000000000000921c        0x4 
 .text.fsdev_write
                0x0000000000009220       0xe0 /opt/devkitpro/libnx/lib/libnx.a(fs_dev.o)
 .text.fsdevFindDevice.part.0
                0x0000000000009300       0xb8 /opt/devkitpro/libnx/lib/libnx.a(fs_dev.o)
 *fill*         0x00000000000093b8        0x8 
 .text.fsdev_getfspath
                0x00000000000093c0      0x214 /opt/devkitpro/libnx/lib/libnx.a(fs_dev.o)
 *fill*         0x00000000000095d4        0xc 
 .text.fsdev_rmdir
                0x00000000000095e0       0x78 /opt/devkitpro/libnx/lib/libnx.a(fs_dev.o)
 *fill*         0x0000000000009658        0x8 
 .text.fsdev_statvfs
                0x0000000000009660       0xcc /opt/devkitpro/libnx/lib/libnx.a(fs_dev.o)
 *fill*         0x000000000000972c        0x4 
 .text.fsdev_diropen
                0x0000000000009730       0xf0 /opt/devkitpro/libnx/lib/libnx.a(fs_dev.o)
 .text.fsdev_mkdir
                0x0000000000009820       0x78 /opt/devkitpro/libnx/lib/libnx.a(fs_dev.o)
 *fill*         0x0000000000009898        0x8 
 .text.fsdev_rename
                0x00000000000098a0      0x104 /opt/devkitpro/libnx/lib/libnx.a(fs_dev.o)
 *fill*         0x00000000000099a4        0xc 
 .text.fsdev_chdir
                0x00000000000099b0      0x114 /opt/devkitpro/libnx/lib/libnx.a(fs_dev.o)
 *fill*         0x0000000000009ac4        0xc 
 .text.fsdev_unlink
                0x0000000000009ad0       0x78 /opt/devkitpro/libnx/lib/libnx.a(fs_dev.o)
 *fill*         0x0000000000009b48        0x8 
 .text.fsdev_stat
                0x0000000000009b50      0x1c8 /opt/devkitpro/libnx/lib/libnx.a(fs_dev.o)
 *fill*         0x0000000000009d18        0x8 
 .text.fsdev_open
                0x0000000000009d20      0x190 /opt/devkitpro/libnx/lib/libnx.a(fs_dev.o)
 .text._fsdevUnmountDeviceStruct.part.0
                0x0000000000009eb0       0xa8 /opt/devkitpro/libnx/lib/libnx.a(fs_dev.o)
 *fill*         0x0000000000009f58        0x8 
 .text.fsdev_dirnext
                0x0000000000009f60      0x180 /opt/devkitpro/libnx/lib/libnx.a(fs_dev.o)
 .text.fsdev_fchmod
                0x000000000000a0e0       0x14 /opt/devkitpro/libnx/lib/libnx.a(fs_dev.o)
 *fill*         0x000000000000a0f4        0xc 
 .text.fsdevMountDevice
                0x000000000000a100      0x1c8 /opt/devkitpro/libnx/lib/libnx.a(fs_dev.o)
                0x000000000000a100                fsdevMountDevice
 *fill*         0x000000000000a2c8        0x8 
 .text.fsdevMountSdmc
                0x000000000000a2d0       0x48 /opt/devkitpro/libnx/lib/libnx.a(fs_dev.o)
                0x000000000000a2d0                fsdevMountSdmc
 *fill*         0x000000000000a318        0x8 
 .text.__libnx_init_cwd
                0x000000000000a320       0xcc /opt/devkitpro/libnx/lib/libnx.a(fs_dev.o)
                0x000000000000a320                __libnx_init_cwd
 *fill*         0x000000000000a3ec        0x4 
 .text.fsdevUnmountAll
                0x000000000000a3f0       0x64 /opt/devkitpro/libnx/lib/libnx.a(fs_dev.o)
                0x000000000000a3f0                fsdevUnmountAll
 *fill*         0x000000000000a454        0xc 
 .text.decode_utf8
                0x000000000000a460      0x12c /opt/devkitpro/libnx/lib/libnx.a(decode_utf8.o)
                0x000000000000a460                decode_utf8
 .text.armDCacheFlush
                0x000000000000a58c       0x3c /opt/devkitpro/libnx/lib/libnx.a(cache.o)
                0x000000000000a58c                armDCacheFlush
 .text.__libnx_exception_entry
                0x000000000000a5c8      0x1c0 /opt/devkitpro/libnx/lib/libnx.a(exception.o)
                0x000000000000a5c8                __libnx_exception_entry
 .text.__libnx_exception_returnentry
                0x000000000000a788       0x18 /opt/devkitpro/libnx/lib/libnx.a(exception.o)
                0x000000000000a788                __libnx_exception_returnentry
 .text.__aarch64_read_tp
                0x000000000000a7a0        0xc /opt/devkitpro/libnx/lib/libnx.a(readtp.o)
                0x000000000000a7a0                __aarch64_read_tp
 *fill*         0x000000000000a7ac        0x4 
 .text._nvSetClientPID
                0x000000000000a7b0       0xcc /opt/devkitpro/libnx/lib/libnx.a(nv.o)
 *fill*         0x000000000000a87c        0x4 
 .text._nvCleanup
                0x000000000000a880       0xd0 /opt/devkitpro/libnx/lib/libnx.a(nv.o)
 .text._nvCmdInitialize.constprop.0
                0x000000000000a950       0xdc /opt/devkitpro/libnx/lib/libnx.a(nv.o)
 *fill*         0x000000000000aa2c        0x4 
 .text.nvInitialize
                0x000000000000aa30      0x248 /opt/devkitpro/libnx/lib/libnx.a(nv.o)
                0x000000000000aa30                nvInitialize
 *fill*         0x000000000000ac78        0x8 
 .text.nvExit   0x000000000000ac80       0x44 /opt/devkitpro/libnx/lib/libnx.a(nv.o)
                0x000000000000ac80                nvExit
 *fill*         0x000000000000acc4        0xc 
 .text.nvConvertError
                0x000000000000acd0      0x140 /opt/devkitpro/libnx/lib/libnx.a(nv.o)
                0x000000000000acd0                nvConvertError
 .text.nvOpen   0x000000000000ae10      0x110 /opt/devkitpro/libnx/lib/libnx.a(nv.o)
                0x000000000000ae10                nvOpen
 .text.nvIoctl  0x000000000000af20      0x24c /opt/devkitpro/libnx/lib/libnx.a(nv.o)
                0x000000000000af20                nvIoctl
 *fill*         0x000000000000b16c        0x4 
 .text.nvClose  0x000000000000b170       0xd4 /opt/devkitpro/libnx/lib/libnx.a(nv.o)
                0x000000000000b170                nvClose
 *fill*         0x000000000000b244        0xc 
 .text.nvQueryEvent
                0x000000000000b250      0x104 /opt/devkitpro/libnx/lib/libnx.a(nv.o)
                0x000000000000b250                nvQueryEvent
 *fill*         0x000000000000b354        0xc 
 .text._timeCleanup
                0x000000000000b360      0x1c8 /opt/devkitpro/libnx/lib/libnx.a(time.o)
 *fill*         0x000000000000b528        0x8 
 .text._timeCmdNoInOutU64.isra.0.constprop.0
                0x000000000000b530       0xc4 /opt/devkitpro/libnx/lib/libnx.a(time.o)
 *fill*         0x000000000000b5f4        0xc 
 .text._timeCmdGetSession.constprop.0
                0x000000000000b600       0xe4 /opt/devkitpro/libnx/lib/libnx.a(time.o)
 *fill*         0x000000000000b6e4        0xc 
 .text.timeInitialize
                0x000000000000b6f0      0x1d0 /opt/devkitpro/libnx/lib/libnx.a(time.o)
                0x000000000000b6f0                timeInitialize
 .text.timeExit
                0x000000000000b8c0       0x44 /opt/devkitpro/libnx/lib/libnx.a(time.o)
                0x000000000000b8c0                timeExit
 *fill*         0x000000000000b904        0xc 
 .text.timeGetServiceSession_SystemClock
                0x000000000000b910       0x38 /opt/devkitpro/libnx/lib/libnx.a(time.o)
                0x000000000000b910                timeGetServiceSession_SystemClock
 *fill*         0x000000000000b948        0x8 
 .text.timeGetCurrentTime
                0x000000000000b950       0x38 /opt/devkitpro/libnx/lib/libnx.a(time.o)
                0x000000000000b950                timeGetCurrentTime
 *fill*         0x000000000000b988        0x8 
 .text.timeToCalendarTimeWithMyRule
                0x000000000000b990      0x114 /opt/devkitpro/libnx/lib/libnx.a(time.o)
                0x000000000000b990                timeToCalendarTimeWithMyRule
 *fill*         0x000000000000baa4        0xc 
 .text.timeToPosixTimeWithMyRule
                0x000000000000bab0      0x100 /opt/devkitpro/libnx/lib/libnx.a(time.o)
                0x000000000000bab0                timeToPosixTimeWithMyRule
 .text._viCleanup
                0x000000000000bbb0      0x1dc /opt/devkitpro/libnx/lib/libnx.a(vi.o)
 *fill*         0x000000000000bd8c        0x4 
 .text._viCmdGetSessionNoParams.constprop.0
                0x000000000000bd90       0xe4 /opt/devkitpro/libnx/lib/libnx.a(vi.o)
 *fill*         0x000000000000be74        0xc 
 .text._viCmdGetSession.constprop.0
                0x000000000000be80       0xe0 /opt/devkitpro/libnx/lib/libnx.a(vi.o)
 .text.viInitialize
                0x000000000000bf60      0x260 /opt/devkitpro/libnx/lib/libnx.a(vi.o)
                0x000000000000bf60                viInitialize
 .text.viExit   0x000000000000c1c0       0x44 /opt/devkitpro/libnx/lib/libnx.a(vi.o)
                0x000000000000c1c0                viExit
 *fill*         0x000000000000c204        0xc 
 .text.viGetSession_IHOSBinderDriverRelay
                0x000000000000c210        0xc /opt/devkitpro/libnx/lib/libnx.a(vi.o)
                0x000000000000c210                viGetSession_IHOSBinderDriverRelay
 *fill*         0x000000000000c21c        0x4 
 .text.viOpenDisplay
                0x000000000000c220      0x11c /opt/devkitpro/libnx/lib/libnx.a(vi.o)
                0x000000000000c220                viOpenDisplay
 *fill*         0x000000000000c33c        0x4 
 .text.viCloseDisplay
                0x000000000000c340       0xf4 /opt/devkitpro/libnx/lib/libnx.a(vi.o)
                0x000000000000c340                viCloseDisplay
 *fill*         0x000000000000c434        0xc 
 .text.viCloseLayer
                0x000000000000c440       0xf4 /opt/devkitpro/libnx/lib/libnx.a(vi.o)
                0x000000000000c440                viCloseLayer
 *fill*         0x000000000000c534        0xc 
 .text.viCreateLayer
                0x000000000000c540      0x3a0 /opt/devkitpro/libnx/lib/libnx.a(vi.o)
                0x000000000000c540                viCreateLayer
 .text.viSetLayerScalingMode
                0x000000000000c8e0       0xd4 /opt/devkitpro/libnx/lib/libnx.a(vi.o)
                0x000000000000c8e0                viSetLayerScalingMode
 *fill*         0x000000000000c9b4        0xc 
 .text._setsysGetFirmwareVersionImpl
                0x000000000000c9c0       0xd0 /opt/devkitpro/libnx/lib/libnx.a(set.o)
 .text._setsysCleanup
                0x000000000000ca90       0x68 /opt/devkitpro/libnx/lib/libnx.a(set.o)
 *fill*         0x000000000000caf8        0x8 
 .text.setsysInitialize
                0x000000000000cb00       0xa0 /opt/devkitpro/libnx/lib/libnx.a(set.o)
                0x000000000000cb00                setsysInitialize
 .text.setsysExit
                0x000000000000cba0       0x44 /opt/devkitpro/libnx/lib/libnx.a(set.o)
                0x000000000000cba0                setsysExit
 *fill*         0x000000000000cbe4        0xc 
 .text.setsysGetFirmwareVersion
                0x000000000000cbf0       0x44 /opt/devkitpro/libnx/lib/libnx.a(set.o)
                0x000000000000cbf0                setsysGetFirmwareVersion
 *fill*         0x000000000000cc34        0xc 
 .text._fsCleanup
                0x000000000000cc40       0xb4 /opt/devkitpro/libnx/lib/libnx.a(fs.o)
 *fill*         0x000000000000ccf4        0xc 
 .text._fsCmdNoIO
                0x000000000000cd00      0x1dc /opt/devkitpro/libnx/lib/libnx.a(fs.o)
 *fill*         0x000000000000cedc        0x4 
 .text._fsFsCmdWithInPath
                0x000000000000cee0      0x1d4 /opt/devkitpro/libnx/lib/libnx.a(fs.o)
 *fill*         0x000000000000d0b4        0xc 
 .text._fsFsCmdWithTwoInPaths
                0x000000000000d0c0      0x1fc /opt/devkitpro/libnx/lib/libnx.a(fs.o)
 *fill*         0x000000000000d2bc        0x4 
 .text._fsFsOpenCommon
                0x000000000000d2c0      0x22c /opt/devkitpro/libnx/lib/libnx.a(fs.o)
 *fill*         0x000000000000d4ec        0x4 
 .text._fsFsCmdWithInPathAndOutU64
                0x000000000000d4f0      0x1f0 /opt/devkitpro/libnx/lib/libnx.a(fs.o)
 .text._fsObjectClose
                0x000000000000d6e0       0xf4 /opt/devkitpro/libnx/lib/libnx.a(fs.o)
 *fill*         0x000000000000d7d4        0xc 
 .text._fsCmdGetSession.constprop.0
                0x000000000000d7e0      0x16c /opt/devkitpro/libnx/lib/libnx.a(fs.o)
 *fill*         0x000000000000d94c        0x4 
 .text.fsInitialize
                0x000000000000d950      0x30c /opt/devkitpro/libnx/lib/libnx.a(fs.o)
                0x000000000000d950                fsInitialize
 *fill*         0x000000000000dc5c        0x4 
 .text.fsExit   0x000000000000dc60       0x44 /opt/devkitpro/libnx/lib/libnx.a(fs.o)
                0x000000000000dc60                fsExit
 *fill*         0x000000000000dca4        0xc 
 .text.fsOpenSdCardFileSystem
                0x000000000000dcb0        0x8 /opt/devkitpro/libnx/lib/libnx.a(fs.o)
                0x000000000000dcb0                fsOpenSdCardFileSystem
 *fill*         0x000000000000dcb8        0x8 
 .text.fsFsCreateFile
                0x000000000000dcc0      0x1e4 /opt/devkitpro/libnx/lib/libnx.a(fs.o)
                0x000000000000dcc0                fsFsCreateFile
 *fill*         0x000000000000dea4        0xc 
 .text.fsFsDeleteFile
                0x000000000000deb0        0x8 /opt/devkitpro/libnx/lib/libnx.a(fs.o)
                0x000000000000deb0                fsFsDeleteFile
 *fill*         0x000000000000deb8        0x8 
 .text.fsFsCreateDirectory
                0x000000000000dec0        0x8 /opt/devkitpro/libnx/lib/libnx.a(fs.o)
                0x000000000000dec0                fsFsCreateDirectory
 *fill*         0x000000000000dec8        0x8 
 .text.fsFsDeleteDirectory
                0x000000000000ded0        0x8 /opt/devkitpro/libnx/lib/libnx.a(fs.o)
                0x000000000000ded0                fsFsDeleteDirectory
 *fill*         0x000000000000ded8        0x8 
 .text.fsFsRenameFile
                0x000000000000dee0        0x8 /opt/devkitpro/libnx/lib/libnx.a(fs.o)
                0x000000000000dee0                fsFsRenameFile
 *fill*         0x000000000000dee8        0x8 
 .text.fsFsRenameDirectory
                0x000000000000def0        0x8 /opt/devkitpro/libnx/lib/libnx.a(fs.o)
                0x000000000000def0                fsFsRenameDirectory
 *fill*         0x000000000000def8        0x8 
 .text.fsFsGetEntryType
                0x000000000000df00      0x1e8 /opt/devkitpro/libnx/lib/libnx.a(fs.o)
                0x000000000000df00                fsFsGetEntryType
 *fill*         0x000000000000e0e8        0x8 
 .text.fsFsOpenFile
                0x000000000000e0f0        0x8 /opt/devkitpro/libnx/lib/libnx.a(fs.o)
                0x000000000000e0f0                fsFsOpenFile
 *fill*         0x000000000000e0f8        0x8 
 .text.fsFsOpenDirectory
                0x000000000000e100        0x8 /opt/devkitpro/libnx/lib/libnx.a(fs.o)
                0x000000000000e100                fsFsOpenDirectory
 *fill*         0x000000000000e108        0x8 
 .text.fsFsGetFreeSpace
                0x000000000000e110        0x8 /opt/devkitpro/libnx/lib/libnx.a(fs.o)
                0x000000000000e110                fsFsGetFreeSpace
 *fill*         0x000000000000e118        0x8 
 .text.fsFsGetTotalSpace
                0x000000000000e120        0x8 /opt/devkitpro/libnx/lib/libnx.a(fs.o)
                0x000000000000e120                fsFsGetTotalSpace
 *fill*         0x000000000000e128        0x8 
 .text.fsFsGetFileTimeStampRaw
                0x000000000000e130      0x22c /opt/devkitpro/libnx/lib/libnx.a(fs.o)
                0x000000000000e130                fsFsGetFileTimeStampRaw
 *fill*         0x000000000000e35c        0x4 
 .text.fsFsClose
                0x000000000000e360        0x4 /opt/devkitpro/libnx/lib/libnx.a(fs.o)
                0x000000000000e360                fsFsClose
 *fill*         0x000000000000e364        0xc 
 .text.fsFileRead
                0x000000000000e370      0x218 /opt/devkitpro/libnx/lib/libnx.a(fs.o)
                0x000000000000e370                fsFileRead
 *fill*         0x000000000000e588        0x8 
 .text.fsFileWrite
                0x000000000000e590      0x208 /opt/devkitpro/libnx/lib/libnx.a(fs.o)
                0x000000000000e590                fsFileWrite
 *fill*         0x000000000000e798        0x8 
 .text.fsFileFlush
                0x000000000000e7a0        0x8 /opt/devkitpro/libnx/lib/libnx.a(fs.o)
                0x000000000000e7a0                fsFileFlush
 *fill*         0x000000000000e7a8        0x8 
 .text.fsFileSetSize
                0x000000000000e7b0      0x1e0 /opt/devkitpro/libnx/lib/libnx.a(fs.o)
                0x000000000000e7b0                fsFileSetSize
 .text.fsFileGetSize
                0x000000000000e990      0x1f0 /opt/devkitpro/libnx/lib/libnx.a(fs.o)
                0x000000000000e990                fsFileGetSize
 .text.fsFileClose
                0x000000000000eb80        0x4 /opt/devkitpro/libnx/lib/libnx.a(fs.o)
                0x000000000000eb80                fsFileClose
 *fill*         0x000000000000eb84        0xc 
 .text.fsDirClose
                0x000000000000eb90        0x4 /opt/devkitpro/libnx/lib/libnx.a(fs.o)
                0x000000000000eb90                fsDirClose
 *fill*         0x000000000000eb94        0xc 
 .text.fsDirRead
                0x000000000000eba0      0x200 /opt/devkitpro/libnx/lib/libnx.a(fs.o)
                0x000000000000eba0                fsDirRead
 .text._nvFenceEventWaitCommon
                0x000000000000eda0       0x60 /opt/devkitpro/libnx/lib/libnx.a(fence.o)
 .text.nvFenceInit
                0x000000000000ee00       0x5c /opt/devkitpro/libnx/lib/libnx.a(fence.o)
                0x000000000000ee00                nvFenceInit
 *fill*         0x000000000000ee5c        0x4 
 .text.nvFenceExit
                0x000000000000ee60       0xb0 /opt/devkitpro/libnx/lib/libnx.a(fence.o)
                0x000000000000ee60                nvFenceExit
 .text.nvFenceWait
                0x000000000000ef10      0x1cc /opt/devkitpro/libnx/lib/libnx.a(fence.o)
                0x000000000000ef10                nvFenceWait
 *fill*         0x000000000000f0dc        0x4 
 .text.nvMultiFenceWait
                0x000000000000f0e0       0x74 /opt/devkitpro/libnx/lib/libnx.a(fence.o)
                0x000000000000f0e0                nvMultiFenceWait
 *fill*         0x000000000000f154        0xc 
 .text.nvMapInit
                0x000000000000f160       0x6c /opt/devkitpro/libnx/lib/libnx.a(map.o)
                0x000000000000f160                nvMapInit
 *fill*         0x000000000000f1cc        0x4 
 .text.nvMapExit
                0x000000000000f1d0       0x68 /opt/devkitpro/libnx/lib/libnx.a(map.o)
                0x000000000000f1d0                nvMapExit
 *fill*         0x000000000000f238        0x8 
 .text.nvMapClose
                0x000000000000f240       0x80 /opt/devkitpro/libnx/lib/libnx.a(map.o)
                0x000000000000f240                nvMapClose
 .text.nvMapCreate
                0x000000000000f2c0      0x160 /opt/devkitpro/libnx/lib/libnx.a(map.o)
                0x000000000000f2c0                nvMapCreate
 .text.nvioctlNvhostCtrl_EventSignal
                0x000000000000f420       0x28 /opt/devkitpro/libnx/lib/libnx.a(nvhost-ctrl.o)
                0x000000000000f420                nvioctlNvhostCtrl_EventSignal
 *fill*         0x000000000000f448        0x8 
 .text.nvioctlNvhostCtrl_EventWait
                0x000000000000f450       0x44 /opt/devkitpro/libnx/lib/libnx.a(nvhost-ctrl.o)
                0x000000000000f450                nvioctlNvhostCtrl_EventWait
 *fill*         0x000000000000f494        0xc 
 .text.nvioctlNvhostCtrl_EventWaitAsync
                0x000000000000f4a0       0x30 /opt/devkitpro/libnx/lib/libnx.a(nvhost-ctrl.o)
                0x000000000000f4a0                nvioctlNvhostCtrl_EventWaitAsync
 .text.nvioctlNvhostCtrl_EventRegister
                0x000000000000f4d0       0x28 /opt/devkitpro/libnx/lib/libnx.a(nvhost-ctrl.o)
                0x000000000000f4d0                nvioctlNvhostCtrl_EventRegister
 *fill*         0x000000000000f4f8        0x8 
 .text.nvioctlNvhostCtrl_EventUnregister
                0x000000000000f500       0x28 /opt/devkitpro/libnx/lib/libnx.a(nvhost-ctrl.o)
                0x000000000000f500                nvioctlNvhostCtrl_EventUnregister
 *fill*         0x000000000000f528        0x8 
 .text.nvioctlNvmap_Create
                0x000000000000f530       0x40 /opt/devkitpro/libnx/lib/libnx.a(nvmap.o)
                0x000000000000f530                nvioctlNvmap_Create
 .text.nvioctlNvmap_Alloc
                0x000000000000f570       0x44 /opt/devkitpro/libnx/lib/libnx.a(nvmap.o)
                0x000000000000f570                nvioctlNvmap_Alloc
 *fill*         0x000000000000f5b4        0xc 
 .text.nvioctlNvmap_Free
                0x000000000000f5c0       0x30 /opt/devkitpro/libnx/lib/libnx.a(nvmap.o)
                0x000000000000f5c0                nvioctlNvmap_Free
 .text.nvioctlNvmap_GetId
                0x000000000000f5f0       0x40 /opt/devkitpro/libnx/lib/libnx.a(nvmap.o)
                0x000000000000f5f0                nvioctlNvmap_GetId
 .text.bqRequestBuffer
                0x000000000000f630       0xd8 /opt/devkitpro/libnx/lib/libnx.a(buffer_producer.o)
                0x000000000000f630                bqRequestBuffer
 *fill*         0x000000000000f708        0x8 
 .text.bqDequeueBuffer
                0x000000000000f710      0x168 /opt/devkitpro/libnx/lib/libnx.a(buffer_producer.o)
                0x000000000000f710                bqDequeueBuffer
 *fill*         0x000000000000f878        0x8 
 .text.bqDetachBuffer
                0x000000000000f880       0x9c /opt/devkitpro/libnx/lib/libnx.a(buffer_producer.o)
                0x000000000000f880                bqDetachBuffer
 *fill*         0x000000000000f91c        0x4 
 .text.bqQueueBuffer
                0x000000000000f920       0xdc /opt/devkitpro/libnx/lib/libnx.a(buffer_producer.o)
                0x000000000000f920                bqQueueBuffer
 *fill*         0x000000000000f9fc        0x4 
 .text.bqCancelBuffer
                0x000000000000fa00       0x94 /opt/devkitpro/libnx/lib/libnx.a(buffer_producer.o)
                0x000000000000fa00                bqCancelBuffer
 *fill*         0x000000000000fa94        0xc 
 .text.bqConnect
                0x000000000000faa0       0xe8 /opt/devkitpro/libnx/lib/libnx.a(buffer_producer.o)
                0x000000000000faa0                bqConnect
 *fill*         0x000000000000fb88        0x8 
 .text.bqDisconnect
                0x000000000000fb90       0x9c /opt/devkitpro/libnx/lib/libnx.a(buffer_producer.o)
                0x000000000000fb90                bqDisconnect
 *fill*         0x000000000000fc2c        0x4 
 .text.bqSetPreallocatedBuffer
                0x000000000000fc30      0x174 /opt/devkitpro/libnx/lib/libnx.a(buffer_producer.o)
                0x000000000000fc30                bqSetPreallocatedBuffer
 *fill*         0x000000000000fda4        0xc 
 .text.binderCreate
                0x000000000000fdb0       0x18 /opt/devkitpro/libnx/lib/libnx.a(binder.o)
                0x000000000000fdb0                binderCreate
 *fill*         0x000000000000fdc8        0x8 
 .text.binderTransactParcel
                0x000000000000fdd0      0x39c /opt/devkitpro/libnx/lib/libnx.a(binder.o)
                0x000000000000fdd0                binderTransactParcel
 *fill*         0x000000000001016c        0x4 
 .text.binderConvertErrorCode
                0x0000000000010170      0x124 /opt/devkitpro/libnx/lib/libnx.a(binder.o)
                0x0000000000010170                binderConvertErrorCode
 *fill*         0x0000000000010294        0xc 
 .text.binderAdjustRefcount
                0x00000000000102a0      0x120 /opt/devkitpro/libnx/lib/libnx.a(binder.o)
                0x00000000000102a0                binderAdjustRefcount
 .text.binderInitSession
                0x00000000000103c0       0x98 /opt/devkitpro/libnx/lib/libnx.a(binder.o)
                0x00000000000103c0                binderInitSession
 *fill*         0x0000000000010458        0x8 
 .text.binderClose
                0x0000000000010460       0x68 /opt/devkitpro/libnx/lib/libnx.a(binder.o)
                0x0000000000010460                binderClose
 *fill*         0x00000000000104c8        0x8 
 .text.binderGetNativeHandle
                0x00000000000104d0      0x154 /opt/devkitpro/libnx/lib/libnx.a(binder.o)
                0x00000000000104d0                binderGetNativeHandle
 *fill*         0x0000000000010624        0xc 
 .text.parcelCreate
                0x0000000000010630       0x30 /opt/devkitpro/libnx/lib/libnx.a(parcel.o)
                0x0000000000010630                parcelCreate
 .text.parcelTransact
                0x0000000000010660      0x19c /opt/devkitpro/libnx/lib/libnx.a(parcel.o)
                0x0000000000010660                parcelTransact
 *fill*         0x00000000000107fc        0x4 
 .text.parcelWriteData
                0x0000000000010800       0x88 /opt/devkitpro/libnx/lib/libnx.a(parcel.o)
                0x0000000000010800                parcelWriteData
 *fill*         0x0000000000010888        0x8 
 .text.parcelReadData
                0x0000000000010890       0x98 /opt/devkitpro/libnx/lib/libnx.a(parcel.o)
                0x0000000000010890                parcelReadData
 *fill*         0x0000000000010928        0x8 
 .text.parcelWriteInt32
                0x0000000000010930       0x20 /opt/devkitpro/libnx/lib/libnx.a(parcel.o)
                0x0000000000010930                parcelWriteInt32
 .text.parcelWriteUInt32
                0x0000000000010950       0x20 /opt/devkitpro/libnx/lib/libnx.a(parcel.o)
                0x0000000000010950                parcelWriteUInt32
 .text.parcelWriteString16
                0x0000000000010970       0x7c /opt/devkitpro/libnx/lib/libnx.a(parcel.o)
                0x0000000000010970                parcelWriteString16
 *fill*         0x00000000000109ec        0x4 
 .text.parcelWriteInterfaceToken
                0x00000000000109f0       0x30 /opt/devkitpro/libnx/lib/libnx.a(parcel.o)
                0x00000000000109f0                parcelWriteInterfaceToken
 .text.parcelReadInt32
                0x0000000000010a20       0x24 /opt/devkitpro/libnx/lib/libnx.a(parcel.o)
                0x0000000000010a20                parcelReadInt32
 *fill*         0x0000000000010a44        0xc 
 .text.parcelReadFlattenedObject
                0x0000000000010a50       0x68 /opt/devkitpro/libnx/lib/libnx.a(parcel.o)
                0x0000000000010a50                parcelReadFlattenedObject
 *fill*         0x0000000000010ab8        0x8 
 .text.parcelWriteFlattenedObject
                0x0000000000010ac0       0x4c /opt/devkitpro/libnx/lib/libnx.a(parcel.o)
                0x0000000000010ac0                parcelWriteFlattenedObject
 *fill*         0x0000000000010b0c        0x4 
 .text.nxlinkSetup
                0x0000000000010b10       0xc4 /opt/devkitpro/libnx/lib/libnx.a(nxlink.o)
                0x0000000000010b10                nxlinkSetup
 *fill*         0x0000000000010bd4        0xc 
 .text.sessionmgrCreate
                0x0000000000010be0      0x180 /opt/devkitpro/libnx/lib/libnx.a(sessionmgr.o)
                0x0000000000010be0                sessionmgrCreate
 .text.sessionmgrClose
                0x0000000000010d60       0x84 /opt/devkitpro/libnx/lib/libnx.a(sessionmgr.o)
                0x0000000000010d60                sessionmgrClose
 *fill*         0x0000000000010de4        0xc 
 .text.sessionmgrAttachClient
                0x0000000000010df0       0xa4 /opt/devkitpro/libnx/lib/libnx.a(sessionmgr.o)
                0x0000000000010df0                sessionmgrAttachClient
 *fill*         0x0000000000010e94        0xc 
 .text.sessionmgrDetachClient
                0x0000000000010ea0       0x74 /opt/devkitpro/libnx/lib/libnx.a(sessionmgr.o)
                0x0000000000010ea0                sessionmgrDetachClient
 *fill*         0x0000000000010f14        0xc 
 .text.layoffInitialize
                0x0000000000010f20       0x1c /home/crc32/liblayoff/test/../lib/liblayoff.a(layoff.o)
                0x0000000000010f20                layoffInitialize
 *fill*         0x0000000000010f3c        0x4 
 .text.pushNotification
                0x0000000000010f40      0x100 /home/crc32/liblayoff/test/../lib/liblayoff.a(layoff.o)
                0x0000000000010f40                pushNotification
 .text.layoffExit
                0x0000000000011040       0xa8 /home/crc32/liblayoff/test/../lib/liblayoff.a(layoff.o)
                0x0000000000011040                layoffExit
 .text.aligned_alloc
                0x00000000000110e8       0x3c /opt/devkitpro/devkitA64/lib/gcc/aarch64-none-elf/9.2.0/../../../../aarch64-none-elf/lib/pic/libg.a(lib_a-aligned_alloc.o)
                0x00000000000110e8                aligned_alloc
 *fill*         0x0000000000011124        0x4 
 .text.bsearch  0x0000000000011128       0xb8 /opt/devkitpro/devkitA64/lib/gcc/aarch64-none-elf/9.2.0/../../../../aarch64-none-elf/lib/pic/libg.a(lib_a-bsearch.o)
                0x0000000000011128                bsearch
 .text.calloc   0x00000000000111e0       0x2c /opt/devkitpro/devkitA64/lib/gcc/aarch64-none-elf/9.2.0/../../../../aarch64-none-elf/lib/pic/libg.a(lib_a-calloc.o)
                0x00000000000111e0                calloc
 *fill*         0x000000000001120c        0x4 
 .text._calloc_r
                0x0000000000011210       0x94 /opt/devkitpro/devkitA64/lib/gcc/aarch64-none-elf/9.2.0/../../../../aarch64-none-elf/lib/pic/libg.a(lib_a-callocr.o)
                0x0000000000011210                _calloc_r
 *fill*         0x00000000000112a4        0x4 
 .text.__errno  0x00000000000112a8       0x14 /opt/devkitpro/devkitA64/lib/gcc/aarch64-none-elf/9.2.0/../../../../aarch64-none-elf/lib/pic/libg.a(lib_a-errno.o)
                0x00000000000112a8                __errno
 *fill*         0x00000000000112bc        0x4 
 .text.__libc_fini_array
                0x00000000000112c0       0x4c /opt/devkitpro/devkitA64/lib/gcc/aarch64-none-elf/9.2.0/../../../../aarch64-none-elf/lib/pic/libg.a(lib_a-fini.o)
                0x00000000000112c0                __libc_fini_array
 *fill*         0x000000000001130c        0x4 
 .text.gmtime   0x0000000000011310       0x2c /opt/devkitpro/devkitA64/lib/gcc/aarch64-none-elf/9.2.0/../../../../aarch64-none-elf/lib/pic/libg.a(lib_a-gmtime.o)
                0x0000000000011310                gmtime
 *fill*         0x000000000001133c        0x4 
 .text.gmtime_r
                0x0000000000011340      0x29c /opt/devkitpro/devkitA64/lib/gcc/aarch64-none-elf/9.2.0/../../../../aarch64-none-elf/lib/pic/libg.a(lib_a-gmtime_r.o)
                0x0000000000011340                gmtime_r
 *fill*         0x00000000000115dc        0x4 
 .text.__libc_init_array
                0x00000000000115e0       0x9c /opt/devkitpro/devkitA64/lib/gcc/aarch64-none-elf/9.2.0/../../../../aarch64-none-elf/lib/pic/libg.a(lib_a-init.o)
                0x00000000000115e0                __libc_init_array
 *fill*         0x000000000001167c        0x4 
 .text.memalign
                0x0000000000011680       0x2c /opt/devkitpro/devkitA64/lib/gcc/aarch64-none-elf/9.2.0/../../../../aarch64-none-elf/lib/pic/libg.a(lib_a-malign.o)
                0x0000000000011680                memalign
 *fill*         0x00000000000116ac        0x4 
 .text._memalign_r
                0x00000000000116b0      0x1a0 /opt/devkitpro/devkitA64/lib/gcc/aarch64-none-elf/9.2.0/../../../../aarch64-none-elf/lib/pic/libg.a(lib_a-malignr.o)
                0x00000000000116b0                _memalign_r
 .text.malloc   0x0000000000011850       0x24 /opt/devkitpro/devkitA64/lib/gcc/aarch64-none-elf/9.2.0/../../../../aarch64-none-elf/lib/pic/libg.a(lib_a-malloc.o)
                0x0000000000011850                malloc
 *fill*         0x0000000000011874        0x4 
 .text.free     0x0000000000011878       0x24 /opt/devkitpro/devkitA64/lib/gcc/aarch64-none-elf/9.2.0/../../../../aarch64-none-elf/lib/pic/libg.a(lib_a-malloc.o)
                0x0000000000011878                free
 *fill*         0x000000000001189c        0x4 
 .text._malloc_r
                0x00000000000118a0      0x874 /opt/devkitpro/devkitA64/lib/gcc/aarch64-none-elf/9.2.0/../../../../aarch64-none-elf/lib/pic/libg.a(lib_a-mallocr.o)
                0x00000000000118a0                _malloc_r
 .text          0x0000000000012114       0xd8 /opt/devkitpro/devkitA64/lib/gcc/aarch64-none-elf/9.2.0/../../../../aarch64-none-elf/lib/pic/libg.a(lib_a-memchr.o)
                0x0000000000012114                memchr
 *fill*         0x00000000000121ec       0x14 
 .text          0x0000000000012200      0x16c /opt/devkitpro/devkitA64/lib/gcc/aarch64-none-elf/9.2.0/../../../../aarch64-none-elf/lib/pic/libg.a(lib_a-memcpy.o)
                0x0000000000012200                memcpy
 *fill*         0x000000000001236c       0x14 
 .text          0x0000000000012380      0x1dc /opt/devkitpro/devkitA64/lib/gcc/aarch64-none-elf/9.2.0/../../../../aarch64-none-elf/lib/pic/libg.a(lib_a-memset.o)
                0x0000000000012380                memset
 *fill*         0x000000000001255c        0x4 
 .text.__malloc_lock
                0x0000000000012560        0xc /opt/devkitpro/devkitA64/lib/gcc/aarch64-none-elf/9.2.0/../../../../aarch64-none-elf/lib/pic/libg.a(lib_a-mlock.o)
                0x0000000000012560                __malloc_lock
 *fill*         0x000000000001256c        0x4 
 .text.__malloc_unlock
                0x0000000000012570        0xc /opt/devkitpro/devkitA64/lib/gcc/aarch64-none-elf/9.2.0/../../../../aarch64-none-elf/lib/pic/libg.a(lib_a-mlock.o)
                0x0000000000012570                __malloc_unlock
 *fill*         0x000000000001257c        0x4 
 .text.printf   0x0000000000012580       0x90 /opt/devkitpro/devkitA64/lib/gcc/aarch64-none-elf/9.2.0/../../../../aarch64-none-elf/lib/pic/libg.a(lib_a-printf.o)
                0x0000000000012580                printf
 .text._puts_r  0x0000000000012610       0xd0 /opt/devkitpro/devkitA64/lib/gcc/aarch64-none-elf/9.2.0/../../../../aarch64-none-elf/lib/pic/libg.a(lib_a-puts.o)
                0x0000000000012610                _puts_r
 .text.puts     0x00000000000126e0       0x24 /opt/devkitpro/devkitA64/lib/gcc/aarch64-none-elf/9.2.0/../../../../aarch64-none-elf/lib/pic/libg.a(lib_a-puts.o)
                0x00000000000126e0                puts
 *fill*         0x0000000000012704        0x4 
 .text.setenv   0x0000000000012708       0x3c /opt/devkitpro/devkitA64/lib/gcc/aarch64-none-elf/9.2.0/../../../../aarch64-none-elf/lib/pic/libg.a(lib_a-setenv.o)
                0x0000000000012708                setenv
 *fill*         0x0000000000012744        0x4 
 .text._setenv_r
                0x0000000000012748      0x268 /opt/devkitpro/devkitA64/lib/gcc/aarch64-none-elf/9.2.0/../../../../aarch64-none-elf/lib/pic/libg.a(lib_a-setenv_r.o)
                0x0000000000012748                _setenv_r
 .text.setvbuf  0x00000000000129b0      0x278 /opt/devkitpro/devkitA64/lib/gcc/aarch64-none-elf/9.2.0/../../../../aarch64-none-elf/lib/pic/libg.a(lib_a-setvbuf.o)
                0x00000000000129b0                setvbuf
 .text.sscanf   0x0000000000012c28       0xc0 /opt/devkitpro/devkitA64/lib/gcc/aarch64-none-elf/9.2.0/../../../../aarch64-none-elf/lib/pic/libg.a(lib_a-sscanf.o)
                0x0000000000012c28                sscanf
 .text.__sread  0x0000000000012ce8       0x50 /opt/devkitpro/devkitA64/lib/gcc/aarch64-none-elf/9.2.0/../../../../aarch64-none-elf/lib/pic/libg.a(lib_a-stdio.o)
                0x0000000000012ce8                __sread
 .text.__seofread
                0x0000000000012d38        0x8 /opt/devkitpro/devkitA64/lib/gcc/aarch64-none-elf/9.2.0/../../../../aarch64-none-elf/lib/pic/libg.a(lib_a-stdio.o)
                0x0000000000012d38                __seofread
 .text.__swrite
                0x0000000000012d40       0x6c /opt/devkitpro/devkitA64/lib/gcc/aarch64-none-elf/9.2.0/../../../../aarch64-none-elf/lib/pic/libg.a(lib_a-stdio.o)
                0x0000000000012d40                __swrite
 *fill*         0x0000000000012dac        0x4 
 .text.__sseek  0x0000000000012db0       0x50 /opt/devkitpro/devkitA64/lib/gcc/aarch64-none-elf/9.2.0/../../../../aarch64-none-elf/lib/pic/libg.a(lib_a-stdio.o)
                0x0000000000012db0                __sseek
 .text.__sclose
                0x0000000000012e00        0x8 /opt/devkitpro/devkitA64/lib/gcc/aarch64-none-elf/9.2.0/../../../../aarch64-none-elf/lib/pic/libg.a(lib_a-stdio.o)
                0x0000000000012e00                __sclose
 .text          0x0000000000012e08       0xdc /opt/devkitpro/devkitA64/lib/gcc/aarch64-none-elf/9.2.0/../../../../aarch64-none-elf/lib/pic/libg.a(lib_a-strchr.o)
                0x0000000000012e08                strchr
 *fill*         0x0000000000012ee4       0x1c 
 .text          0x0000000000012f00       0xe4 /opt/devkitpro/devkitA64/lib/gcc/aarch64-none-elf/9.2.0/../../../../aarch64-none-elf/lib/pic/libg.a(lib_a-strcmp.o)
                0x0000000000012f00                strcmp
 *fill*         0x0000000000012fe4       0x1c 
 .text          0x0000000000013000      0x140 /opt/devkitpro/devkitA64/lib/gcc/aarch64-none-elf/9.2.0/../../../../aarch64-none-elf/lib/pic/libg.a(lib_a-strlen.o)
                0x0000000000013000                strlen
 .text.strncat  0x0000000000013140       0x84 /opt/devkitpro/devkitA64/lib/gcc/aarch64-none-elf/9.2.0/../../../../aarch64-none-elf/lib/pic/libg.a(lib_a-strncat.o)
                0x0000000000013140                strncat
 *fill*         0x00000000000131c4       0x3c 
 .text          0x0000000000013200      0x1d4 /opt/devkitpro/devkitA64/lib/gcc/aarch64-none-elf/9.2.0/../../../../aarch64-none-elf/lib/pic/libg.a(lib_a-strncmp.o)
                0x000000000001321c                strncmp
 *fill*         0x00000000000133d4        0x4 
 .text.strncpy  0x00000000000133d8       0x9c /opt/devkitpro/devkitA64/lib/gcc/aarch64-none-elf/9.2.0/../../../../aarch64-none-elf/lib/pic/libg.a(lib_a-strncpy.o)
                0x00000000000133d8                strncpy
 *fill*         0x0000000000013474        0xc 
 .text          0x0000000000013480       0xe0 /opt/devkitpro/devkitA64/lib/gcc/aarch64-none-elf/9.2.0/../../../../aarch64-none-elf/lib/pic/libg.a(lib_a-strnlen.o)
                0x00000000000134a4                strnlen
 .text._strtoul_l.isra.0
                0x0000000000013560      0x1ac /opt/devkitpro/devkitA64/lib/gcc/aarch64-none-elf/9.2.0/../../../../aarch64-none-elf/lib/pic/libg.a(lib_a-strtoul.o)
 *fill*         0x000000000001370c        0x4 
 .text._strtoul_r
                0x0000000000013710       0x44 /opt/devkitpro/devkitA64/lib/gcc/aarch64-none-elf/9.2.0/../../../../aarch64-none-elf/lib/pic/libg.a(lib_a-strtoul.o)
                0x0000000000013710                _strtoul_r
 *fill*         0x0000000000013754        0x4 
 .text.strtoul  0x0000000000013758       0x48 /opt/devkitpro/devkitA64/lib/gcc/aarch64-none-elf/9.2.0/../../../../aarch64-none-elf/lib/pic/libg.a(lib_a-strtoul.o)
                0x0000000000013758                strtoul
 .text.get_arg  0x00000000000137a0       0x74 /opt/devkitpro/devkitA64/lib/gcc/aarch64-none-elf/9.2.0/../../../../aarch64-none-elf/lib/pic/libg.a(lib_a-svfscanf.o)
 .text.__ssvfscanf_r
                0x0000000000013814     0x3204 /opt/devkitpro/devkitA64/lib/gcc/aarch64-none-elf/9.2.0/../../../../aarch64-none-elf/lib/pic/libg.a(lib_a-svfscanf.o)
                0x0000000000013814                __ssvfscanf_r
 .text.get_arg  0x0000000000016a18      0x784 /opt/devkitpro/devkitA64/lib/gcc/aarch64-none-elf/9.2.0/../../../../aarch64-none-elf/lib/pic/libg.a(lib_a-vfprintf.o)
 .text._vfprintf_r
                0x000000000001719c     0x3cc4 /opt/devkitpro/devkitA64/lib/gcc/aarch64-none-elf/9.2.0/../../../../aarch64-none-elf/lib/pic/libg.a(lib_a-vfprintf.o)
                0x000000000001719c                _vfprintf_r
 .text.__sbprintf
                0x000000000001ae60       0xf4 /opt/devkitpro/devkitA64/lib/gcc/aarch64-none-elf/9.2.0/../../../../aarch64-none-elf/lib/pic/libg.a(lib_a-vfprintf.o)
 *fill*         0x000000000001af54        0x4 
 .text._wcrtomb_r
                0x000000000001af58       0xd0 /opt/devkitpro/devkitA64/lib/gcc/aarch64-none-elf/9.2.0/../../../../aarch64-none-elf/lib/pic/libg.a(lib_a-wcrtomb.o)
                0x000000000001af58                _wcrtomb_r
 .text._wcsrtombs_r
                0x000000000001b028       0x10 /opt/devkitpro/devkitA64/lib/gcc/aarch64-none-elf/9.2.0/../../../../aarch64-none-elf/lib/pic/libg.a(lib_a-wcsrtombs.o)
                0x000000000001b028                _wcsrtombs_r
 .text.__swsetup_r
                0x000000000001b038      0x138 /opt/devkitpro/devkitA64/lib/gcc/aarch64-none-elf/9.2.0/../../../../aarch64-none-elf/lib/pic/libg.a(lib_a-wsetup.o)
                0x000000000001b038                __swsetup_r
 .text.__call_exitprocs
                0x000000000001b170      0x12c /opt/devkitpro/devkitA64/lib/gcc/aarch64-none-elf/9.2.0/../../../../aarch64-none-elf/lib/pic/libg.a(lib_a-__call_atexit.o)
                0x000000000001b170                __call_exitprocs
 *fill*         0x000000000001b29c        0x4 
 .text.quorem   0x000000000001b2a0      0x19c /opt/devkitpro/devkitA64/lib/gcc/aarch64-none-elf/9.2.0/../../../../aarch64-none-elf/lib/pic/libg.a(lib_a-dtoa.o)
 *fill*         0x000000000001b43c        0x4 
 .text._dtoa_r  0x000000000001b440     0x1124 /opt/devkitpro/devkitA64/lib/gcc/aarch64-none-elf/9.2.0/../../../../aarch64-none-elf/lib/pic/libg.a(lib_a-dtoa.o)
                0x000000000001b440                _dtoa_r
 *fill*         0x000000000001c564        0x4 
 .text.__env_lock
                0x000000000001c568        0xc /opt/devkitpro/devkitA64/lib/gcc/aarch64-none-elf/9.2.0/../../../../aarch64-none-elf/lib/pic/libg.a(lib_a-envlock.o)
                0x000000000001c568                __env_lock
 *fill*         0x000000000001c574        0x4 
 .text.__env_unlock
                0x000000000001c578        0xc /opt/devkitpro/devkitA64/lib/gcc/aarch64-none-elf/9.2.0/../../../../aarch64-none-elf/lib/pic/libg.a(lib_a-envlock.o)
                0x000000000001c578                __env_unlock
 *fill*         0x000000000001c584        0x4 
 .text.__sflush_r
                0x000000000001c588      0x214 /opt/devkitpro/devkitA64/lib/gcc/aarch64-none-elf/9.2.0/../../../../aarch64-none-elf/lib/pic/libg.a(lib_a-fflush.o)
                0x000000000001c588                __sflush_r
 *fill*         0x000000000001c79c        0x4 
 .text._fflush_r
                0x000000000001c7a0       0xb8 /opt/devkitpro/devkitA64/lib/gcc/aarch64-none-elf/9.2.0/../../../../aarch64-none-elf/lib/pic/libg.a(lib_a-fflush.o)
                0x000000000001c7a0                _fflush_r
 .text.std      0x000000000001c858       0x80 /opt/devkitpro/devkitA64/lib/gcc/aarch64-none-elf/9.2.0/../../../../aarch64-none-elf/lib/pic/libg.a(lib_a-findfp.o)
 .text._cleanup_r
                0x000000000001c8d8        0xc /opt/devkitpro/devkitA64/lib/gcc/aarch64-none-elf/9.2.0/../../../../aarch64-none-elf/lib/pic/libg.a(lib_a-findfp.o)
                0x000000000001c8d8                _cleanup_r
 *fill*         0x000000000001c8e4        0x4 
 .text.__sfp_lock_acquire
                0x000000000001c8e8        0xc /opt/devkitpro/devkitA64/lib/gcc/aarch64-none-elf/9.2.0/../../../../aarch64-none-elf/lib/pic/libg.a(lib_a-findfp.o)
                0x000000000001c8e8                __sfp_lock_acquire
 *fill*         0x000000000001c8f4        0x4 
 .text.__sfp_lock_release
                0x000000000001c8f8        0xc /opt/devkitpro/devkitA64/lib/gcc/aarch64-none-elf/9.2.0/../../../../aarch64-none-elf/lib/pic/libg.a(lib_a-findfp.o)
                0x000000000001c8f8                __sfp_lock_release
 *fill*         0x000000000001c904        0x4 
 .text.__sinit_lock_acquire
                0x000000000001c908        0xc /opt/devkitpro/devkitA64/lib/gcc/aarch64-none-elf/9.2.0/../../../../aarch64-none-elf/lib/pic/libg.a(lib_a-findfp.o)
                0x000000000001c908                __sinit_lock_acquire
 *fill*         0x000000000001c914        0x4 
 .text.__sinit_lock_release
                0x000000000001c918        0xc /opt/devkitpro/devkitA64/lib/gcc/aarch64-none-elf/9.2.0/../../../../aarch64-none-elf/lib/pic/libg.a(lib_a-findfp.o)
                0x000000000001c918                __sinit_lock_release
 *fill*         0x000000000001c924        0x4 
 .text.__sinit  0x000000000001c928       0x80 /opt/devkitpro/devkitA64/lib/gcc/aarch64-none-elf/9.2.0/../../../../aarch64-none-elf/lib/pic/libg.a(lib_a-findfp.o)
                0x000000000001c928                __sinit
 .text._malloc_trim_r
                0x000000000001c9a8      0x118 /opt/devkitpro/devkitA64/lib/gcc/aarch64-none-elf/9.2.0/../../../../aarch64-none-elf/lib/pic/libg.a(lib_a-freer.o)
                0x000000000001c9a8                _malloc_trim_r
 .text._free_r  0x000000000001cac0      0x300 /opt/devkitpro/devkitA64/lib/gcc/aarch64-none-elf/9.2.0/../../../../aarch64-none-elf/lib/pic/libg.a(lib_a-freer.o)
                0x000000000001cac0                _free_r
 .text.__sfvwrite_r
                0x000000000001cdc0      0x4b8 /opt/devkitpro/devkitA64/lib/gcc/aarch64-none-elf/9.2.0/../../../../aarch64-none-elf/lib/pic/libg.a(lib_a-fvwrite.o)
                0x000000000001cdc0                __sfvwrite_r
 .text._fwalk_reent
                0x000000000001d278       0xa4 /opt/devkitpro/devkitA64/lib/gcc/aarch64-none-elf/9.2.0/../../../../aarch64-none-elf/lib/pic/libg.a(lib_a-fwalk.o)
                0x000000000001d278                _fwalk_reent
 *fill*         0x000000000001d31c        0x4 
 .text._findenv_r
                0x000000000001d320      0x100 /opt/devkitpro/devkitA64/lib/gcc/aarch64-none-elf/9.2.0/../../../../aarch64-none-elf/lib/pic/libg.a(lib_a-getenv_r.o)
                0x000000000001d320                _findenv_r
 .text.iswspace
                0x000000000001d420        0x8 /opt/devkitpro/devkitA64/lib/gcc/aarch64-none-elf/9.2.0/../../../../aarch64-none-elf/lib/pic/libg.a(lib_a-iswspace.o)
                0x000000000001d420                iswspace
 .text.__localeconv_l
                0x000000000001d428        0x8 /opt/devkitpro/devkitA64/lib/gcc/aarch64-none-elf/9.2.0/../../../../aarch64-none-elf/lib/pic/libg.a(lib_a-localeconv.o)
                0x000000000001d428                __localeconv_l
 .text._localeconv_r
                0x000000000001d430       0x28 /opt/devkitpro/devkitA64/lib/gcc/aarch64-none-elf/9.2.0/../../../../aarch64-none-elf/lib/pic/libg.a(lib_a-localeconv.o)
                0x000000000001d430                _localeconv_r
 .text.__locale_mb_cur_max
                0x000000000001d458       0x2c /opt/devkitpro/devkitA64/lib/gcc/aarch64-none-elf/9.2.0/../../../../aarch64-none-elf/lib/pic/libg.a(lib_a-locale.o)
                0x000000000001d458                __locale_mb_cur_max
 *fill*         0x000000000001d484        0x4 
 .text.__swhatbuf_r
                0x000000000001d488       0xa4 /opt/devkitpro/devkitA64/lib/gcc/aarch64-none-elf/9.2.0/../../../../aarch64-none-elf/lib/pic/libg.a(lib_a-makebuf.o)
                0x000000000001d488                __swhatbuf_r
 *fill*         0x000000000001d52c        0x4 
 .text.__smakebuf_r
                0x000000000001d530      0x10c /opt/devkitpro/devkitA64/lib/gcc/aarch64-none-elf/9.2.0/../../../../aarch64-none-elf/lib/pic/libg.a(lib_a-makebuf.o)
                0x000000000001d530                __smakebuf_r
 *fill*         0x000000000001d63c        0x4 
 .text._mbrtowc_r
                0x000000000001d640       0xe8 /opt/devkitpro/devkitA64/lib/gcc/aarch64-none-elf/9.2.0/../../../../aarch64-none-elf/lib/pic/libg.a(lib_a-mbrtowc.o)
                0x000000000001d640                _mbrtowc_r
 .text.__utf8_mbtowc
                0x000000000001d728      0x2c8 /opt/devkitpro/devkitA64/lib/gcc/aarch64-none-elf/9.2.0/../../../../aarch64-none-elf/lib/pic/libg.a(lib_a-mbtowc_r.o)
                0x000000000001d728                __utf8_mbtowc
 *fill*         0x000000000001d9f0       0x10 
 .text          0x000000000001da00       0xac /opt/devkitpro/devkitA64/lib/gcc/aarch64-none-elf/9.2.0/../../../../aarch64-none-elf/lib/pic/libg.a(lib_a-memmove.o)
                0x000000000001da00                memmove
 *fill*         0x000000000001daac        0x4 
 .text._Balloc  0x000000000001dab0       0x90 /opt/devkitpro/devkitA64/lib/gcc/aarch64-none-elf/9.2.0/../../../../aarch64-none-elf/lib/pic/libg.a(lib_a-mprec.o)
                0x000000000001dab0                _Balloc
 .text._Bfree   0x000000000001db40       0x1c /opt/devkitpro/devkitA64/lib/gcc/aarch64-none-elf/9.2.0/../../../../aarch64-none-elf/lib/pic/libg.a(lib_a-mprec.o)
                0x000000000001db40                _Bfree
 *fill*         0x000000000001db5c        0x4 
 .text.__multadd
                0x000000000001db60       0xd8 /opt/devkitpro/devkitA64/lib/gcc/aarch64-none-elf/9.2.0/../../../../aarch64-none-elf/lib/pic/libg.a(lib_a-mprec.o)
                0x000000000001db60                __multadd
 .text.__s2b    0x000000000001dc38      0x12c /opt/devkitpro/devkitA64/lib/gcc/aarch64-none-elf/9.2.0/../../../../aarch64-none-elf/lib/pic/libg.a(lib_a-mprec.o)
                0x000000000001dc38                __s2b
 *fill*         0x000000000001dd64        0x4 
 .text.__hi0bits
                0x000000000001dd68       0x5c /opt/devkitpro/devkitA64/lib/gcc/aarch64-none-elf/9.2.0/../../../../aarch64-none-elf/lib/pic/libg.a(lib_a-mprec.o)
                0x000000000001dd68                __hi0bits
 *fill*         0x000000000001ddc4        0x4 
 .text.__lo0bits
                0x000000000001ddc8       0xa0 /opt/devkitpro/devkitA64/lib/gcc/aarch64-none-elf/9.2.0/../../../../aarch64-none-elf/lib/pic/libg.a(lib_a-mprec.o)
                0x000000000001ddc8                __lo0bits
 .text.__i2b    0x000000000001de68       0x2c /opt/devkitpro/devkitA64/lib/gcc/aarch64-none-elf/9.2.0/../../../../aarch64-none-elf/lib/pic/libg.a(lib_a-mprec.o)
                0x000000000001de68                __i2b
 *fill*         0x000000000001de94        0x4 
 .text.__multiply
                0x000000000001de98      0x1dc /opt/devkitpro/devkitA64/lib/gcc/aarch64-none-elf/9.2.0/../../../../aarch64-none-elf/lib/pic/libg.a(lib_a-mprec.o)
                0x000000000001de98                __multiply
 *fill*         0x000000000001e074        0x4 
 .text.__pow5mult
                0x000000000001e078      0x100 /opt/devkitpro/devkitA64/lib/gcc/aarch64-none-elf/9.2.0/../../../../aarch64-none-elf/lib/pic/libg.a(lib_a-mprec.o)
                0x000000000001e078                __pow5mult
 .text.__lshift
                0x000000000001e178      0x154 /opt/devkitpro/devkitA64/lib/gcc/aarch64-none-elf/9.2.0/../../../../aarch64-none-elf/lib/pic/libg.a(lib_a-mprec.o)
                0x000000000001e178                __lshift
 *fill*         0x000000000001e2cc        0x4 
 .text.__mcmp   0x000000000001e2d0       0x50 /opt/devkitpro/devkitA64/lib/gcc/aarch64-none-elf/9.2.0/../../../../aarch64-none-elf/lib/pic/libg.a(lib_a-mprec.o)
                0x000000000001e2d0                __mcmp
 .text.__mdiff  0x000000000001e320      0x17c /opt/devkitpro/devkitA64/lib/gcc/aarch64-none-elf/9.2.0/../../../../aarch64-none-elf/lib/pic/libg.a(lib_a-mprec.o)
                0x000000000001e320                __mdiff
 *fill*         0x000000000001e49c        0x4 
 .text.__ulp    0x000000000001e4a0       0x68 /opt/devkitpro/devkitA64/lib/gcc/aarch64-none-elf/9.2.0/../../../../aarch64-none-elf/lib/pic/libg.a(lib_a-mprec.o)
                0x000000000001e4a0                __ulp
 .text.__b2d    0x000000000001e508      0x150 /opt/devkitpro/devkitA64/lib/gcc/aarch64-none-elf/9.2.0/../../../../aarch64-none-elf/lib/pic/libg.a(lib_a-mprec.o)
                0x000000000001e508                __b2d
 .text.__d2b    0x000000000001e658      0x138 /opt/devkitpro/devkitA64/lib/gcc/aarch64-none-elf/9.2.0/../../../../aarch64-none-elf/lib/pic/libg.a(lib_a-mprec.o)
                0x000000000001e658                __d2b
 .text.__ratio  0x000000000001e790       0xa0 /opt/devkitpro/devkitA64/lib/gcc/aarch64-none-elf/9.2.0/../../../../aarch64-none-elf/lib/pic/libg.a(lib_a-mprec.o)
                0x000000000001e790                __ratio
 .text.__copybits
                0x000000000001e830       0x68 /opt/devkitpro/devkitA64/lib/gcc/aarch64-none-elf/9.2.0/../../../../aarch64-none-elf/lib/pic/libg.a(lib_a-mprec.o)
                0x000000000001e830                __copybits
 .text.__any_on
                0x000000000001e898       0x6c /opt/devkitpro/devkitA64/lib/gcc/aarch64-none-elf/9.2.0/../../../../aarch64-none-elf/lib/pic/libg.a(lib_a-mprec.o)
                0x000000000001e898                __any_on
 *fill*         0x000000000001e904        0x4 
 .text.realloc  0x000000000001e908       0x2c /opt/devkitpro/devkitA64/lib/gcc/aarch64-none-elf/9.2.0/../../../../aarch64-none-elf/lib/pic/libg.a(lib_a-realloc.o)
                0x000000000001e908                realloc
 *fill*         0x000000000001e934        0x4 
 .text._realloc_r
                0x000000000001e938      0x56c /opt/devkitpro/devkitA64/lib/gcc/aarch64-none-elf/9.2.0/../../../../aarch64-none-elf/lib/pic/libg.a(lib_a-reallocr.o)
                0x000000000001e938                _realloc_r
 *fill*         0x000000000001eea4        0x4 
 .text.__sccl   0x000000000001eea8       0xd4 /opt/devkitpro/devkitA64/lib/gcc/aarch64-none-elf/9.2.0/../../../../aarch64-none-elf/lib/pic/libg.a(lib_a-sccl.o)
                0x000000000001eea8                __sccl
 *fill*         0x000000000001ef7c        0x4 
 .text.nanf     0x000000000001ef80        0xc /opt/devkitpro/devkitA64/lib/gcc/aarch64-none-elf/9.2.0/../../../../aarch64-none-elf/lib/pic/libg.a(lib_a-sf_nan.o)
                0x000000000001ef80                nanf
 *fill*         0x000000000001ef8c        0x4 
 .text.frexp    0x000000000001ef90       0x7c /opt/devkitpro/devkitA64/lib/gcc/aarch64-none-elf/9.2.0/../../../../aarch64-none-elf/lib/pic/libg.a(lib_a-s_frexp.o)
                0x000000000001ef90                frexp
 *fill*         0x000000000001f00c        0x4 
 .text.sprintf  0x000000000001f010       0xac /opt/devkitpro/devkitA64/lib/gcc/aarch64-none-elf/9.2.0/../../../../aarch64-none-elf/lib/pic/libg.a(lib_a-sprintf.o)
                0x000000000001f010                sprintf
 *fill*         0x000000000001f0bc        0x4 
 .text.stpncpy  0x000000000001f0c0       0x98 /opt/devkitpro/devkitA64/lib/gcc/aarch64-none-elf/9.2.0/../../../../aarch64-none-elf/lib/pic/libg.a(lib_a-stpncpy.o)
                0x000000000001f0c0                stpncpy
 .text.sulp     0x000000000001f158       0x54 /opt/devkitpro/devkitA64/lib/gcc/aarch64-none-elf/9.2.0/../../../../aarch64-none-elf/lib/pic/libg.a(lib_a-strtod.o)
 *fill*         0x000000000001f1ac        0x4 
 .text._strtod_l
                0x000000000001f1b0     0x112c /opt/devkitpro/devkitA64/lib/gcc/aarch64-none-elf/9.2.0/../../../../aarch64-none-elf/lib/pic/libg.a(lib_a-strtod.o)
                0x000000000001f1b0                _strtod_l
 *fill*         0x00000000000202dc        0x4 
 .text._strtod_r
                0x00000000000202e0       0x54 /opt/devkitpro/devkitA64/lib/gcc/aarch64-none-elf/9.2.0/../../../../aarch64-none-elf/lib/pic/libg.a(lib_a-strtod.o)